#
# There is insufficient memory for the Java Runtime Environment to continue.
# Native memory allocation (mmap) failed to map 213909504 bytes for G1 virtual space
# Possible reasons:
#   The system is out of physical RAM or swap space
#   The process is running with CompressedOops enabled, and the Java Heap may be blocking the growth of the native heap
# Possible solutions:
#   Reduce memory load on the system
#   Increase physical memory or swap space
#   Check if swap backing store is full
#   Decrease Java heap size (-Xmx/-Xms)
#   Decrease number of Java threads
#   Decrease Java thread stack sizes (-Xss)
#   Set larger code cache with -XX:ReservedCodeCacheSize=
#   JVM is running with Unscaled Compressed Oops mode in which the Java heap is
#     placed in the first 4GB address space. The Java Heap base address is the
#     maximum limit for the native heap growth. Please use -XX:HeapBaseMinAddress
#     to set the Java Heap base and to place the Java Heap above 4GB virtual address.
# This output file may be truncated or incomplete.
#
#  Out of Memory Error (os_windows.cpp:3548), pid=28212, tid=28224
#
# JRE version: Java(TM) SE Runtime Environment (17.0.12+8) (build 17.0.12+8-LTS-286)
# Java VM: Java HotSpot(TM) 64-Bit Server VM (17.0.12+8-LTS-286, mixed mode, sharing, tiered, compressed oops, compressed class ptrs, g1 gc, windows-amd64)
# No core dump will be written. Minidumps are not enabled by default on client versions of Windows
#

---------------  S U M M A R Y ------------

Command Line: --enable-native-access=ALL-UNNAMED -Dclassworlds.conf=C:\Users\V\.m2\wrapper\dists\apache-maven-3.9.14\ed7edd442f634ac1c1ef5ba2b61b6d690b5221091f1a8e1123f5fadcc967520d\bin\m2.conf -Dmaven.home=C:\Users\V\.m2\wrapper\dists\apache-maven-3.9.14\ed7edd442f634ac1c1ef5ba2b61b6d690b5221091f1a8e1123f5fadcc967520d -Dlibrary.jansi.path=C:\Users\V\.m2\wrapper\dists\apache-maven-3.9.14\ed7edd442f634ac1c1ef5ba2b61b6d690b5221091f1a8e1123f5fadcc967520d\lib\jansi-native -Dmaven.multiModuleProjectDirectory=D:\yosker\Capgemini-Training\All-Capg-Workspace\JWT\auth-service org.codehaus.plexus.classworlds.launcher.Launcher package -DskipTests -q

Host: 12th Gen Intel(R) Core(TM) i5-12450H, 12 cores, 7G,  Windows 11 , 64 bit Build 26100 (10.0.26100.7920)
Time: Mon Mar 23 03:28:01 2026 India Standard Time elapsed time: 11.658690 seconds (0d 0h 0m 11s)

---------------  T H R E A D  ---------------

Current thread (0x0000027cdaa019f0):  VMThread "VM Thread" [stack: 0x0000009818500000,0x0000009818600000] [id=28224]

Stack: [0x0000009818500000,0x0000009818600000]
Native frames: (J=compiled Java code, j=interpreted, Vv=VM code, C=native code)
V  [jvm.dll+0x67a04a]
V  [jvm.dll+0x7da4ed]
V  [jvm.dll+0x7dbe33]
V  [jvm.dll+0x7dc4a3]
V  [jvm.dll+0x24508f]
V  [jvm.dll+0x677089]
V  [jvm.dll+0x66bd32]
V  [jvm.dll+0x301fa6]
V  [jvm.dll+0x309546]
V  [jvm.dll+0x359d2e]
V  [jvm.dll+0x359f5f]
V  [jvm.dll+0x2d9078]
V  [jvm.dll+0x2d74ad]
V  [jvm.dll+0x2d6afc]
V  [jvm.dll+0x31a65b]
V  [jvm.dll+0x7e0d9b]
V  [jvm.dll+0x7e1ad4]
V  [jvm.dll+0x7e1fed]
V  [jvm.dll+0x7e23c4]
V  [jvm.dll+0x7e2490]
V  [jvm.dll+0x78abea]
V  [jvm.dll+0x678f35]
C  [ucrtbase.dll+0x37b0]
C  [KERNEL32.DLL+0x2e8d7]
C  [ntdll.dll+0x8c48c]

VM_Operation (0x0000009817ffba30): G1CollectForAllocation, mode: safepoint, requested by thread 0x0000027cbae4b6d0


---------------  P R O C E S S  ---------------

Threads class SMR info:
_java_thread_list=0x0000027d2256e440, length=25, elements={
0x0000027cbae4b6d0, 0x0000027cdaa072b0, 0x0000027cdaa09b90, 0x0000027cdaa20050,
0x0000027cdaa20920, 0x0000027cdaa21800, 0x0000027cdaa230e0, 0x0000027cdaa2c1b0,
0x0000027cdaa30080, 0x0000027cdaa30990, 0x0000027d2022f620, 0x0000027d2023e360,
0x0000027d2066ad30, 0x0000027d23034810, 0x0000027d230333d0, 0x0000027d23032ec0,
0x0000027d23c5d5f0, 0x0000027d23c59e40, 0x0000027d23c5ad70, 0x0000027d23c5d0e0,
0x0000027d23c5a350, 0x0000027d23c5db00, 0x0000027d23c5e010, 0x0000027d23c5a860,
0x0000027d23c5c6c0
}

Java Threads: ( => current thread )
  0x0000027cbae4b6d0 JavaThread "main" [_thread_blocked, id=30196, stack(0x0000009817f00000,0x0000009818000000)]
  0x0000027cdaa072b0 JavaThread "Reference Handler" daemon [_thread_blocked, id=28616, stack(0x0000009818600000,0x0000009818700000)]
  0x0000027cdaa09b90 JavaThread "Finalizer" daemon [_thread_blocked, id=26640, stack(0x0000009818700000,0x0000009818800000)]
  0x0000027cdaa20050 JavaThread "Signal Dispatcher" daemon [_thread_blocked, id=30232, stack(0x0000009818800000,0x0000009818900000)]
  0x0000027cdaa20920 JavaThread "Attach Listener" daemon [_thread_blocked, id=5920, stack(0x0000009818900000,0x0000009818a00000)]
  0x0000027cdaa21800 JavaThread "Service Thread" daemon [_thread_blocked, id=12332, stack(0x0000009818a00000,0x0000009818b00000)]
  0x0000027cdaa230e0 JavaThread "Monitor Deflation Thread" daemon [_thread_blocked, id=28440, stack(0x0000009818b00000,0x0000009818c00000)]
  0x0000027cdaa2c1b0 JavaThread "C2 CompilerThread0" daemon [_thread_blocked, id=13456, stack(0x0000009818c00000,0x0000009818d00000)]
  0x0000027cdaa30080 JavaThread "C1 CompilerThread0" daemon [_thread_blocked, id=24844, stack(0x0000009818d00000,0x0000009818e00000)]
  0x0000027cdaa30990 JavaThread "Sweeper thread" daemon [_thread_blocked, id=8816, stack(0x0000009818e00000,0x0000009818f00000)]
  0x0000027d2022f620 JavaThread "Notification Thread" daemon [_thread_blocked, id=7440, stack(0x0000009818f00000,0x0000009819000000)]
  0x0000027d2023e360 JavaThread "Common-Cleaner" daemon [_thread_blocked, id=27624, stack(0x0000009819100000,0x0000009819200000)]
  0x0000027d2066ad30 JavaThread "C2 CompilerThread1" daemon [_thread_blocked, id=2032, stack(0x0000009819200000,0x0000009819300000)]
  0x0000027d23034810 JavaThread "pool-3-thread-1" [_thread_blocked, id=12660, stack(0x0000009819f00000,0x000000981a000000)]
  0x0000027d230333d0 JavaThread "pool-3-thread-2" [_thread_blocked, id=3008, stack(0x000000981a000000,0x000000981a100000)]
  0x0000027d23032ec0 JavaThread "pool-3-thread-3" [_thread_blocked, id=21912, stack(0x000000981a100000,0x000000981a200000)]
  0x0000027d23c5d5f0 JavaThread "pool-3-thread-4" [_thread_blocked, id=28200, stack(0x000000981a200000,0x000000981a300000)]
  0x0000027d23c59e40 JavaThread "pool-3-thread-5" [_thread_blocked, id=28728, stack(0x000000981a300000,0x000000981a400000)]
  0x0000027d23c5ad70 JavaThread "pool-3-thread-6" [_thread_blocked, id=1664, stack(0x000000981a400000,0x000000981a500000)]
  0x0000027d23c5d0e0 JavaThread "pool-3-thread-7" [_thread_blocked, id=25212, stack(0x000000981a500000,0x000000981a600000)]
  0x0000027d23c5a350 JavaThread "pool-3-thread-8" [_thread_blocked, id=30248, stack(0x000000981a600000,0x000000981a700000)]
  0x0000027d23c5db00 JavaThread "pool-3-thread-9" [_thread_blocked, id=25244, stack(0x000000981a700000,0x000000981a800000)]
  0x0000027d23c5e010 JavaThread "pool-3-thread-10" [_thread_blocked, id=14036, stack(0x000000981a800000,0x000000981a900000)]
  0x0000027d23c5a860 JavaThread "pool-3-thread-11" [_thread_blocked, id=27076, stack(0x000000981a900000,0x000000981aa00000)]
  0x0000027d23c5c6c0 JavaThread "pool-3-thread-12" [_thread_blocked, id=30516, stack(0x000000981aa00000,0x000000981ab00000)]

Other Threads:
=>0x0000027cdaa019f0 VMThread "VM Thread" [stack: 0x0000009818500000,0x0000009818600000] [id=28224]
  0x0000027cbaebfd50 WatcherThread [stack: 0x0000009819000000,0x0000009819100000] [id=15616]
  0x0000027cbaea2630 GCTaskThread "GC Thread#0" [stack: 0x0000009818000000,0x0000009818100000] [id=12032]
  0x0000027d20bf1b40 GCTaskThread "GC Thread#1" [stack: 0x0000009819400000,0x0000009819500000] [id=15852]
  0x0000027d20c3f1b0 GCTaskThread "GC Thread#2" [stack: 0x0000009819500000,0x0000009819600000] [id=27860]
  0x0000027d20bc64c0 GCTaskThread "GC Thread#3" [stack: 0x0000009819600000,0x0000009819700000] [id=22204]
  0x0000027d20bc6780 GCTaskThread "GC Thread#4" [stack: 0x0000009819700000,0x0000009819800000] [id=26764]
  0x0000027d20cee7d0 GCTaskThread "GC Thread#5" [stack: 0x0000009819800000,0x0000009819900000] [id=28244]
  0x0000027d20cf2aa0 GCTaskThread "GC Thread#6" [stack: 0x0000009819900000,0x0000009819a00000] [id=25924]
  0x0000027d20c89f40 GCTaskThread "GC Thread#7" [stack: 0x0000009819a00000,0x0000009819b00000] [id=26268]
  0x0000027d21417040 GCTaskThread "GC Thread#8" [stack: 0x0000009819b00000,0x0000009819c00000] [id=21784]
  0x0000027d214f2100 GCTaskThread "GC Thread#9" [stack: 0x0000009819c00000,0x0000009819d00000] [id=25132]
  0x0000027cbaeb2bb0 ConcurrentGCThread "G1 Main Marker" [stack: 0x0000009818100000,0x0000009818200000] [id=25136]
  0x0000027cbaeb4ef0 ConcurrentGCThread "G1 Conc#0" [stack: 0x0000009818200000,0x0000009818300000] [id=28028]
  0x0000027d22c60ed0 ConcurrentGCThread "G1 Conc#1" [stack: 0x0000009819d00000,0x0000009819e00000] [id=7720]
  0x0000027d22c624d0 ConcurrentGCThread "G1 Conc#2" [stack: 0x0000009819e00000,0x0000009819f00000] [id=24484]
  0x0000027cda8aa010 ConcurrentGCThread "G1 Refine#0" [stack: 0x0000009818300000,0x0000009818400000] [id=29796]
  0x0000027cda8aa6f0 ConcurrentGCThread "G1 Service" [stack: 0x0000009818400000,0x0000009818500000] [id=30340]

Threads with active compile tasks:
C2 CompilerThread0    11690 7506       4       java.util.Arrays::sort (47 bytes)
C2 CompilerThread1    11690 7509       4       java.util.stream.SortedOps$SizedRefSortingSink::end (129 bytes)

VM state: at safepoint (normal execution)

VM Mutex/Monitor currently owned by a thread:  ([mutex/lock_event])
[0x0000027cbae481e0] Threads_lock - owner thread: 0x0000027cdaa019f0
[0x0000027cbae48300] Heap_lock - owner thread: 0x0000027cbae4b6d0

Heap address: 0x0000000085200000, size: 1966 MB, Compressed Oops mode: 32-bit

CDS archive(s) mapped at: [0x0000027cdb000000-0x0000027cdbbd0000-0x0000027cdbbd0000), size 12386304, SharedBaseAddress: 0x0000027cdb000000, ArchiveRelocationMode: 1.
Compressed class space mapped at: 0x0000027cdc000000-0x0000027d1c000000, reserved size: 1073741824
Narrow klass base: 0x0000027cdb000000, Narrow klass shift: 0, Narrow klass range: 0x100000000

GC Precious Log:
 CPUs: 12 total, 12 available
 Memory: 7860M
 Large Page Support: Disabled
 NUMA Support: Disabled
 Compressed Oops: Enabled (32-bit)
 Heap Region Size: 1M
 Heap Min Capacity: 8M
 Heap Initial Capacity: 124M
 Heap Max Capacity: 1966M
 Pre-touch: Disabled
 Parallel Workers: 10
 Concurrent Workers: 3
 Concurrent Refinement Workers: 10
 Periodic GC: Disabled

Heap:
 garbage-first heap   total 136192K, used 60382K [0x0000000085200000, 0x0000000100000000)
  region size 1024K, 1 young (1024K), 1 survivors (1024K)
 Metaspace       used 38578K, committed 38976K, reserved 1114112K
  class space    used 4506K, committed 4672K, reserved 1048576K

Heap Regions: E=young(eden), S=young(survivor), O=old, HS=humongous(starts), HC=humongous(continues), CS=collection set, F=free, OA=open archive, CA=closed archive, TAMS=top-at-mark-start (previous, next)
|   0|0x0000000085200000, 0x0000000085300000, 0x0000000085300000|100%| O|  |TAMS 0x0000000085300000, 0x0000000085200000| Untracked 
|   1|0x0000000085300000, 0x0000000085400000, 0x0000000085400000|100%| O|  |TAMS 0x0000000085400000, 0x0000000085300000| Untracked 
|   2|0x0000000085400000, 0x0000000085500000, 0x0000000085500000|100%| O|  |TAMS 0x0000000085500000, 0x0000000085400000| Untracked 
|   3|0x0000000085500000, 0x0000000085600000, 0x0000000085600000|100%| O|  |TAMS 0x0000000085600000, 0x0000000085500000| Untracked 
|   4|0x0000000085600000, 0x0000000085700000, 0x0000000085700000|100%| O|  |TAMS 0x0000000085700000, 0x0000000085600000| Untracked 
|   5|0x0000000085700000, 0x0000000085800000, 0x0000000085800000|100%| O|  |TAMS 0x0000000085800000, 0x0000000085700000| Untracked 
|   6|0x0000000085800000, 0x0000000085900000, 0x0000000085900000|100%| O|  |TAMS 0x0000000085900000, 0x0000000085800000| Untracked 
|   7|0x0000000085900000, 0x0000000085a00000, 0x0000000085a00000|100%| O|  |TAMS 0x0000000085a00000, 0x0000000085900000| Untracked 
|   8|0x0000000085a00000, 0x0000000085b00000, 0x0000000085b00000|100%| O|  |TAMS 0x0000000085b00000, 0x0000000085a00000| Untracked 
|   9|0x0000000085b00000, 0x0000000085c00000, 0x0000000085c00000|100%| O|  |TAMS 0x0000000085c00000, 0x0000000085b00000| Untracked 
|  10|0x0000000085c00000, 0x0000000085d00000, 0x0000000085d00000|100%| O|  |TAMS 0x0000000085d00000, 0x0000000085c00000| Untracked 
|  11|0x0000000085d00000, 0x0000000085e00000, 0x0000000085e00000|100%|HS|  |TAMS 0x0000000085d00000, 0x0000000085d00000| Complete 
|  12|0x0000000085e00000, 0x0000000085f00000, 0x0000000085f00000|100%|HS|  |TAMS 0x0000000085e00000, 0x0000000085e00000| Complete 
|  13|0x0000000085f00000, 0x0000000086000000, 0x0000000086000000|100%| O|  |TAMS 0x0000000085f00000, 0x0000000085f00000| Untracked 
|  14|0x0000000086000000, 0x0000000086100000, 0x0000000086100000|100%| O|  |TAMS 0x0000000086000000, 0x0000000086000000| Untracked 
|  15|0x0000000086100000, 0x0000000086200000, 0x0000000086200000|100%|HS|  |TAMS 0x0000000086100000, 0x0000000086100000| Complete 
|  16|0x0000000086200000, 0x0000000086300000, 0x0000000086300000|100%|HS|  |TAMS 0x0000000086200000, 0x0000000086200000| Complete 
|  17|0x0000000086300000, 0x0000000086400000, 0x0000000086400000|100%|HS|  |TAMS 0x0000000086400000, 0x0000000086300000| Complete 
|  18|0x0000000086400000, 0x0000000086500000, 0x0000000086500000|100%| O|  |TAMS 0x0000000086500000, 0x0000000086400000| Untracked 
|  19|0x0000000086500000, 0x0000000086600000, 0x0000000086600000|100%| O|  |TAMS 0x0000000086500000, 0x0000000086500000| Untracked 
|  20|0x0000000086600000, 0x0000000086700000, 0x0000000086700000|100%|HS|  |TAMS 0x0000000086600000, 0x0000000086600000| Complete 
|  21|0x0000000086700000, 0x0000000086800000, 0x0000000086800000|100%| O|  |TAMS 0x0000000086800000, 0x0000000086700000| Untracked 
|  22|0x0000000086800000, 0x0000000086900000, 0x0000000086900000|100%| O|  |TAMS 0x0000000086900000, 0x0000000086800000| Untracked 
|  23|0x0000000086900000, 0x0000000086a00000, 0x0000000086a00000|100%| O|  |TAMS 0x0000000086a00000, 0x0000000086900000| Untracked 
|  24|0x0000000086a00000, 0x0000000086b00000, 0x0000000086b00000|100%| O|  |TAMS 0x0000000086b00000, 0x0000000086a00000| Untracked 
|  25|0x0000000086b00000, 0x0000000086c00000, 0x0000000086c00000|100%| O|  |TAMS 0x0000000086c00000, 0x0000000086b00000| Untracked 
|  26|0x0000000086c00000, 0x0000000086d00000, 0x0000000086d00000|100%| O|  |TAMS 0x0000000086d00000, 0x0000000086c00000| Untracked 
|  27|0x0000000086d00000, 0x0000000086e00000, 0x0000000086e00000|100%| O|  |TAMS 0x0000000086e00000, 0x0000000086d00000| Untracked 
|  28|0x0000000086e00000, 0x0000000086f00000, 0x0000000086f00000|100%| O|  |TAMS 0x0000000086f00000, 0x0000000086e00000| Untracked 
|  29|0x0000000086f00000, 0x0000000087000000, 0x0000000087000000|100%| O|  |TAMS 0x0000000087000000, 0x0000000086f00000| Untracked 
|  30|0x0000000087000000, 0x0000000087100000, 0x0000000087100000|100%| O|  |TAMS 0x0000000087100000, 0x0000000087000000| Untracked 
|  31|0x0000000087100000, 0x0000000087200000, 0x0000000087200000|100%| O|  |TAMS 0x0000000087200000, 0x0000000087100000| Untracked 
|  32|0x0000000087200000, 0x0000000087300000, 0x0000000087300000|100%| O|  |TAMS 0x0000000087300000, 0x0000000087200000| Untracked 
|  33|0x0000000087300000, 0x0000000087400000, 0x0000000087400000|100%| O|  |TAMS 0x0000000087300000, 0x0000000087300000| Untracked 
|  34|0x0000000087400000, 0x0000000087500000, 0x0000000087500000|100%| O|  |TAMS 0x0000000087400000, 0x0000000087400000| Untracked 
|  35|0x0000000087500000, 0x0000000087600000, 0x0000000087600000|100%|HS|  |TAMS 0x0000000087500000, 0x0000000087500000| Complete 
|  36|0x0000000087600000, 0x0000000087700000, 0x0000000087700000|100%|HS|  |TAMS 0x0000000087600000, 0x0000000087600000| Complete 
|  37|0x0000000087700000, 0x0000000087800000, 0x0000000087800000|100%|HS|  |TAMS 0x0000000087700000, 0x0000000087700000| Complete 
|  38|0x0000000087800000, 0x0000000087800000, 0x0000000087900000|  0%| F|  |TAMS 0x0000000087800000, 0x0000000087800000| Untracked 
|  39|0x0000000087900000, 0x0000000087a00000, 0x0000000087a00000|100%|HS|  |TAMS 0x0000000087900000, 0x0000000087900000| Complete 
|  40|0x0000000087a00000, 0x0000000087b00000, 0x0000000087b00000|100%| O|  |TAMS 0x0000000087b00000, 0x0000000087a00000| Untracked 
|  41|0x0000000087b00000, 0x0000000087c00000, 0x0000000087c00000|100%| O|  |TAMS 0x0000000087b00000, 0x0000000087b00000| Untracked 
|  42|0x0000000087c00000, 0x0000000087d00000, 0x0000000087d00000|100%| O|  |TAMS 0x0000000087c00000, 0x0000000087c00000| Untracked 
|  43|0x0000000087d00000, 0x0000000087e00000, 0x0000000087e00000|100%| O|  |TAMS 0x0000000087d00000, 0x0000000087d00000| Untracked 
|  44|0x0000000087e00000, 0x0000000087f00000, 0x0000000087f00000|100%| O|  |TAMS 0x0000000087e00000, 0x0000000087e00000| Untracked 
|  45|0x0000000087f00000, 0x0000000088000000, 0x0000000088000000|100%|HS|  |TAMS 0x0000000087f00000, 0x0000000087f00000| Complete 
|  46|0x0000000088000000, 0x0000000088100000, 0x0000000088100000|100%|HS|  |TAMS 0x0000000088000000, 0x0000000088000000| Complete 
|  47|0x0000000088100000, 0x0000000088200000, 0x0000000088200000|100%|HS|  |TAMS 0x0000000088100000, 0x0000000088100000| Complete 
|  48|0x0000000088200000, 0x0000000088300000, 0x0000000088300000|100%|HS|  |TAMS 0x0000000088300000, 0x0000000088200000| Complete 
|  49|0x0000000088300000, 0x0000000088400000, 0x0000000088400000|100%|HC|  |TAMS 0x0000000088400000, 0x0000000088300000| Complete 
|  50|0x0000000088400000, 0x0000000088500000, 0x0000000088500000|100%|HS|  |TAMS 0x0000000088400000, 0x0000000088400000| Complete 
|  51|0x0000000088500000, 0x0000000088600000, 0x0000000088600000|100%|HS|  |TAMS 0x0000000088500000, 0x0000000088500000| Complete 
|  52|0x0000000088600000, 0x0000000088700000, 0x0000000088700000|100%|HS|  |TAMS 0x0000000088600000, 0x0000000088600000| Complete 
|  53|0x0000000088700000, 0x0000000088800000, 0x0000000088800000|100%|HS|  |TAMS 0x0000000088700000, 0x0000000088700000| Complete 
|  54|0x0000000088800000, 0x000000008881f600, 0x0000000088900000| 12%| O|  |TAMS 0x0000000088800000, 0x0000000088800000| Untracked 
|  55|0x0000000088900000, 0x0000000088900000, 0x0000000088a00000|  0%| F|  |TAMS 0x0000000088900000, 0x0000000088900000| Untracked 
|  56|0x0000000088a00000, 0x0000000088a00000, 0x0000000088b00000|  0%| F|  |TAMS 0x0000000088a00000, 0x0000000088a00000| Untracked 
|  57|0x0000000088b00000, 0x0000000088b00000, 0x0000000088c00000|  0%| F|  |TAMS 0x0000000088b00000, 0x0000000088b00000| Untracked 
|  58|0x0000000088c00000, 0x0000000088c00000, 0x0000000088d00000|  0%| F|  |TAMS 0x0000000088c00000, 0x0000000088c00000| Untracked 
|  59|0x0000000088d00000, 0x0000000088d00000, 0x0000000088e00000|  0%| F|  |TAMS 0x0000000088d00000, 0x0000000088d00000| Untracked 
|  60|0x0000000088e00000, 0x0000000088e00000, 0x0000000088f00000|  0%| F|  |TAMS 0x0000000088e00000, 0x0000000088e00000| Untracked 
|  61|0x0000000088f00000, 0x0000000088f00000, 0x0000000089000000|  0%| F|  |TAMS 0x0000000088f00000, 0x0000000088f00000| Untracked 
|  62|0x0000000089000000, 0x0000000089000000, 0x0000000089100000|  0%| F|  |TAMS 0x0000000089000000, 0x0000000089000000| Untracked 
|  63|0x0000000089100000, 0x0000000089100000, 0x0000000089200000|  0%| F|  |TAMS 0x0000000089100000, 0x0000000089100000| Untracked 
|  64|0x0000000089200000, 0x0000000089200000, 0x0000000089300000|  0%| F|  |TAMS 0x0000000089200000, 0x0000000089200000| Untracked 
|  65|0x0000000089300000, 0x0000000089300000, 0x0000000089400000|  0%| F|  |TAMS 0x0000000089300000, 0x0000000089300000| Untracked 
|  66|0x0000000089400000, 0x0000000089400000, 0x0000000089500000|  0%| F|  |TAMS 0x0000000089400000, 0x0000000089400000| Untracked 
|  67|0x0000000089500000, 0x0000000089500000, 0x0000000089600000|  0%| F|  |TAMS 0x0000000089500000, 0x0000000089500000| Untracked 
|  68|0x0000000089600000, 0x0000000089600000, 0x0000000089700000|  0%| F|  |TAMS 0x0000000089600000, 0x0000000089600000| Untracked 
|  69|0x0000000089700000, 0x0000000089700000, 0x0000000089800000|  0%| F|  |TAMS 0x0000000089700000, 0x0000000089700000| Untracked 
|  70|0x0000000089800000, 0x0000000089800000, 0x0000000089900000|  0%| F|  |TAMS 0x0000000089800000, 0x0000000089800000| Untracked 
|  71|0x0000000089900000, 0x0000000089900000, 0x0000000089a00000|  0%| F|  |TAMS 0x0000000089900000, 0x0000000089900000| Untracked 
|  72|0x0000000089a00000, 0x0000000089a00000, 0x0000000089b00000|  0%| F|  |TAMS 0x0000000089a00000, 0x0000000089a00000| Untracked 
|  73|0x0000000089b00000, 0x0000000089b00000, 0x0000000089c00000|  0%| F|  |TAMS 0x0000000089b00000, 0x0000000089b00000| Untracked 
|  74|0x0000000089c00000, 0x0000000089c00000, 0x0000000089d00000|  0%| F|  |TAMS 0x0000000089c00000, 0x0000000089c00000| Untracked 
|  75|0x0000000089d00000, 0x0000000089d00000, 0x0000000089e00000|  0%| F|  |TAMS 0x0000000089d00000, 0x0000000089d00000| Untracked 
|  76|0x0000000089e00000, 0x0000000089e00000, 0x0000000089f00000|  0%| F|  |TAMS 0x0000000089e00000, 0x0000000089e00000| Untracked 
|  77|0x0000000089f00000, 0x0000000089f00000, 0x000000008a000000|  0%| F|  |TAMS 0x0000000089f00000, 0x0000000089f00000| Untracked 
|  78|0x000000008a000000, 0x000000008a000000, 0x000000008a100000|  0%| F|  |TAMS 0x000000008a000000, 0x000000008a000000| Untracked 
|  79|0x000000008a100000, 0x000000008a100000, 0x000000008a200000|  0%| F|  |TAMS 0x000000008a100000, 0x000000008a100000| Untracked 
|  80|0x000000008a200000, 0x000000008a200000, 0x000000008a300000|  0%| F|  |TAMS 0x000000008a200000, 0x000000008a200000| Untracked 
|  81|0x000000008a300000, 0x000000008a300000, 0x000000008a400000|  0%| F|  |TAMS 0x000000008a300000, 0x000000008a300000| Untracked 
|  82|0x000000008a400000, 0x000000008a400000, 0x000000008a500000|  0%| F|  |TAMS 0x000000008a400000, 0x000000008a400000| Untracked 
|  83|0x000000008a500000, 0x000000008a500000, 0x000000008a600000|  0%| F|  |TAMS 0x000000008a500000, 0x000000008a500000| Untracked 
|  84|0x000000008a600000, 0x000000008a600000, 0x000000008a700000|  0%| F|  |TAMS 0x000000008a600000, 0x000000008a600000| Untracked 
|  85|0x000000008a700000, 0x000000008a700000, 0x000000008a800000|  0%| F|  |TAMS 0x000000008a700000, 0x000000008a700000| Untracked 
|  86|0x000000008a800000, 0x000000008a800000, 0x000000008a900000|  0%| F|  |TAMS 0x000000008a800000, 0x000000008a800000| Untracked 
|  87|0x000000008a900000, 0x000000008a900000, 0x000000008aa00000|  0%| F|  |TAMS 0x000000008a900000, 0x000000008a900000| Untracked 
|  88|0x000000008aa00000, 0x000000008aa00000, 0x000000008ab00000|  0%| F|  |TAMS 0x000000008aa00000, 0x000000008aa00000| Untracked 
|  89|0x000000008ab00000, 0x000000008ab00000, 0x000000008ac00000|  0%| F|  |TAMS 0x000000008ab00000, 0x000000008ab00000| Untracked 
|  90|0x000000008ac00000, 0x000000008ac00000, 0x000000008ad00000|  0%| F|  |TAMS 0x000000008ac00000, 0x000000008ac00000| Untracked 
|  91|0x000000008ad00000, 0x000000008ad00000, 0x000000008ae00000|  0%| F|  |TAMS 0x000000008ad00000, 0x000000008ad00000| Untracked 
|  92|0x000000008ae00000, 0x000000008ae00000, 0x000000008af00000|  0%| F|  |TAMS 0x000000008ae00000, 0x000000008ae00000| Untracked 
|  93|0x000000008af00000, 0x000000008af00000, 0x000000008b000000|  0%| F|  |TAMS 0x000000008af00000, 0x000000008af00000| Untracked 
|  94|0x000000008b000000, 0x000000008b000000, 0x000000008b100000|  0%| F|  |TAMS 0x000000008b000000, 0x000000008b000000| Untracked 
|  95|0x000000008b100000, 0x000000008b100000, 0x000000008b200000|  0%| F|  |TAMS 0x000000008b100000, 0x000000008b100000| Untracked 
|  96|0x000000008b200000, 0x000000008b200000, 0x000000008b300000|  0%| F|  |TAMS 0x000000008b200000, 0x000000008b200000| Untracked 
|  97|0x000000008b300000, 0x000000008b300000, 0x000000008b400000|  0%| F|  |TAMS 0x000000008b300000, 0x000000008b300000| Untracked 
|  98|0x000000008b400000, 0x000000008b400000, 0x000000008b500000|  0%| F|  |TAMS 0x000000008b400000, 0x000000008b400000| Untracked 
|  99|0x000000008b500000, 0x000000008b500000, 0x000000008b600000|  0%| F|  |TAMS 0x000000008b500000, 0x000000008b500000| Untracked 
| 100|0x000000008b600000, 0x000000008b600000, 0x000000008b700000|  0%| F|  |TAMS 0x000000008b600000, 0x000000008b600000| Untracked 
| 101|0x000000008b700000, 0x000000008b700000, 0x000000008b800000|  0%| F|  |TAMS 0x000000008b700000, 0x000000008b700000| Untracked 
| 102|0x000000008b800000, 0x000000008b800000, 0x000000008b900000|  0%| F|  |TAMS 0x000000008b800000, 0x000000008b800000| Untracked 
| 103|0x000000008b900000, 0x000000008b900000, 0x000000008ba00000|  0%| F|  |TAMS 0x000000008b900000, 0x000000008b900000| Untracked 
| 104|0x000000008ba00000, 0x000000008ba00000, 0x000000008bb00000|  0%| F|  |TAMS 0x000000008ba00000, 0x000000008ba00000| Untracked 
| 105|0x000000008bb00000, 0x000000008bb00000, 0x000000008bc00000|  0%| F|  |TAMS 0x000000008bb00000, 0x000000008bb00000| Untracked 
| 106|0x000000008bc00000, 0x000000008bc00000, 0x000000008bd00000|  0%| F|  |TAMS 0x000000008bc00000, 0x000000008bc00000| Untracked 
| 107|0x000000008bd00000, 0x000000008bd00000, 0x000000008be00000|  0%| F|  |TAMS 0x000000008bd00000, 0x000000008bd00000| Untracked 
| 108|0x000000008be00000, 0x000000008be00000, 0x000000008bf00000|  0%| F|  |TAMS 0x000000008be00000, 0x000000008be00000| Untracked 
| 109|0x000000008bf00000, 0x000000008bf00000, 0x000000008c000000|  0%| F|  |TAMS 0x000000008bf00000, 0x000000008bf00000| Untracked 
| 110|0x000000008c000000, 0x000000008c000000, 0x000000008c100000|  0%| F|  |TAMS 0x000000008c000000, 0x000000008c000000| Untracked 
| 111|0x000000008c100000, 0x000000008c100000, 0x000000008c200000|  0%| F|  |TAMS 0x000000008c100000, 0x000000008c100000| Untracked 
| 112|0x000000008c200000, 0x000000008c200000, 0x000000008c300000|  0%| F|  |TAMS 0x000000008c200000, 0x000000008c200000| Untracked 
| 113|0x000000008c300000, 0x000000008c300000, 0x000000008c400000|  0%| F|  |TAMS 0x000000008c300000, 0x000000008c300000| Untracked 
| 114|0x000000008c400000, 0x000000008c400000, 0x000000008c500000|  0%| F|  |TAMS 0x000000008c400000, 0x000000008c400000| Untracked 
| 115|0x000000008c500000, 0x000000008c500000, 0x000000008c600000|  0%| F|  |TAMS 0x000000008c500000, 0x000000008c500000| Untracked 
| 116|0x000000008c600000, 0x000000008c600000, 0x000000008c700000|  0%| F|  |TAMS 0x000000008c600000, 0x000000008c600000| Untracked 
| 117|0x000000008c700000, 0x000000008c700000, 0x000000008c800000|  0%| F|  |TAMS 0x000000008c700000, 0x000000008c700000| Untracked 
| 118|0x000000008c800000, 0x000000008c800000, 0x000000008c900000|  0%| F|  |TAMS 0x000000008c800000, 0x000000008c800000| Untracked 
| 119|0x000000008c900000, 0x000000008c900000, 0x000000008ca00000|  0%| F|  |TAMS 0x000000008c900000, 0x000000008c900000| Untracked 
| 120|0x000000008ca00000, 0x000000008ca00000, 0x000000008cb00000|  0%| F|  |TAMS 0x000000008ca00000, 0x000000008ca00000| Untracked 
| 121|0x000000008cb00000, 0x000000008cb00000, 0x000000008cc00000|  0%| F|  |TAMS 0x000000008cb00000, 0x000000008cb00000| Untracked 
| 122|0x000000008cc00000, 0x000000008cc00000, 0x000000008cd00000|  0%| F|  |TAMS 0x000000008cc00000, 0x000000008cc00000| Untracked 
| 123|0x000000008cd00000, 0x000000008cdd85a0, 0x000000008ce00000| 84%| S|CS|TAMS 0x000000008cd00000, 0x000000008cd00000| Complete 
|1957|0x00000000ff700000, 0x00000000ff800000, 0x00000000ff800000|100%| O|  |TAMS 0x00000000ff800000, 0x00000000ff700000| Untracked 
|1958|0x00000000ff800000, 0x00000000ff800000, 0x00000000ff900000|  0%| F|  |TAMS 0x00000000ff800000, 0x00000000ff800000| Untracked 
|1959|0x00000000ff900000, 0x00000000ffa00000, 0x00000000ffa00000|100%| O|  |TAMS 0x00000000ffa00000, 0x00000000ff900000| Untracked 
|1960|0x00000000ffa00000, 0x00000000ffa00000, 0x00000000ffb00000|  0%| F|  |TAMS 0x00000000ffa00000, 0x00000000ffa00000| Untracked 
|1961|0x00000000ffb00000, 0x00000000ffb00000, 0x00000000ffc00000|  0%| F|  |TAMS 0x00000000ffb00000, 0x00000000ffb00000| Untracked 
|1962|0x00000000ffc00000, 0x00000000ffd00000, 0x00000000ffd00000|100%| O|  |TAMS 0x00000000ffd00000, 0x00000000ffc00000| Untracked 
|1963|0x00000000ffd00000, 0x00000000ffe00000, 0x00000000ffe00000|100%| O|  |TAMS 0x00000000ffe00000, 0x00000000ffd00000| Untracked 
|1964|0x00000000ffe00000, 0x00000000ffe00000, 0x00000000fff00000|  0%| F|  |TAMS 0x00000000ffe00000, 0x00000000ffe00000| Untracked 
|1965|0x00000000fff00000, 0x0000000100000000, 0x0000000100000000|100%| O|  |TAMS 0x0000000100000000, 0x00000000fff00000| Untracked 

Card table byte_map: [0x0000027cd3d40000,0x0000027cd4120000] _byte_map_base: 0x0000027cd3917000

Marking Bits (Prev, Next): (CMBitMap*) 0x0000027cbaea2b60, (CMBitMap*) 0x0000027cbaea2ba0
 Prev Bits: [0x0000027cd4500000, 0x0000027cd63b8000)
 Next Bits: [0x0000027cd63c0000, 0x0000027cd8278000)

Polling page: 0x0000027cc3cb0000

Metaspace:

Usage:
  Non-class:     33.27 MB used.
      Class:      4.40 MB used.
       Both:     37.67 MB used.

Virtual space:
  Non-class space:       64.00 MB reserved,      33.50 MB ( 52%) committed,  1 nodes.
      Class space:        1.00 GB reserved,       4.56 MB ( <1%) committed,  1 nodes.
             Both:        1.06 GB reserved,      38.06 MB (  3%) committed. 

Chunk freelists:
   Non-Class:  14.39 MB
       Class:  11.38 MB
        Both:  25.77 MB

MaxMetaspaceSize: unlimited
CompressedClassSpaceSize: 1.00 GB
Initial GC threshold: 21.00 MB
Current GC threshold: 59.06 MB
CDS: on
MetaspaceReclaimPolicy: balanced
 - commit_granule_bytes: 65536.
 - commit_granule_words: 8192.
 - virtual_space_node_default_size: 8388608.
 - enlarge_chunks_in_place: 1.
 - new_chunks_are_fully_committed: 0.
 - uncommit_free_chunks: 1.
 - use_allocation_guard: 0.
 - handle_deallocations: 1.


Internal statistics:

num_allocs_failed_limit: 6.
num_arena_births: 236.
num_arena_deaths: 0.
num_vsnodes_births: 2.
num_vsnodes_deaths: 0.
num_space_committed: 609.
num_space_uncommitted: 0.
num_chunks_returned_to_freelist: 6.
num_chunks_taken_from_freelist: 1504.
num_chunk_merges: 6.
num_chunk_splits: 1036.
num_chunks_enlarged: 784.
num_inconsistent_stats: 0.

CodeHeap 'non-profiled nmethods': size=120000Kb used=4273Kb max_used=4273Kb free=115727Kb
 bounds [0x0000027ccb7a0000, 0x0000027ccbbd0000, 0x0000027cd2cd0000]
CodeHeap 'profiled nmethods': size=120000Kb used=14686Kb max_used=14686Kb free=105313Kb
 bounds [0x0000027cc3cd0000, 0x0000027cc4b30000, 0x0000027ccb200000]
CodeHeap 'non-nmethods': size=5760Kb used=1281Kb max_used=1321Kb free=4479Kb
 bounds [0x0000027ccb200000, 0x0000027ccb470000, 0x0000027ccb7a0000]
 total_blobs=7378 nmethods=6783 adapters=507
 compilation: enabled
              stopped_count=0, restarted_count=0
 full_count=0

Compilation events (20 events):
Event: 10.298 Thread 0x0000027cdaa30080 7590       3       org.codehaus.plexus.util.MatchPatterns::matches (49 bytes)
Event: 10.299 Thread 0x0000027cdaa30080 nmethod 7590 0x0000027cc4b22590 code [0x0000027cc4b227a0, 0x0000027cc4b22df8]
Event: 10.307 Thread 0x0000027cdaa30080 7591       3       sun.nio.fs.AbstractBasicFileAttributeView$AttributesBuilder::match (26 bytes)
Event: 10.308 Thread 0x0000027cdaa30080 nmethod 7591 0x0000027cc4b23190 code [0x0000027cc4b23340, 0x0000027cc4b235a8]
Event: 10.308 Thread 0x0000027cdaa30080 7592       3       sun.nio.fs.AbstractBasicFileAttributeView$AttributesBuilder::add (13 bytes)
Event: 10.308 Thread 0x0000027cdaa30080 nmethod 7592 0x0000027cc4b23690 code [0x0000027cc4b23840, 0x0000027cc4b23a08]
Event: 10.349 Thread 0x0000027cdaa30080 7593       3       java.util.jar.Manifest::getTrustedAttributes (57 bytes)
Event: 10.350 Thread 0x0000027cdaa30080 nmethod 7593 0x0000027cc4b23b10 code [0x0000027cc4b23d80, 0x0000027cc4b24838]
Event: 10.350 Thread 0x0000027cdaa30080 7594   !   3       java.util.jar.JarFile::getManifestFromReference (197 bytes)
Event: 10.350 Thread 0x0000027cdaa30080 nmethod 7594 0x0000027cc4b24b90 code [0x0000027cc4b24ea0, 0x0000027cc4b26338]
Event: 10.356 Thread 0x0000027cdaa30080 7595       3       java.lang.invoke.MethodHandles$Lookup::resolveOrFail (48 bytes)
Event: 10.356 Thread 0x0000027cdaa30080 nmethod 7595 0x0000027cc4b26a90 code [0x0000027cc4b26cc0, 0x0000027cc4b27368]
Event: 10.357 Thread 0x0000027cdaa30080 7596       3       java.lang.invoke.MethodHandles$Lookup::checkMethodName (45 bytes)
Event: 10.357 Thread 0x0000027cdaa30080 nmethod 7596 0x0000027cc4b27610 code [0x0000027cc4b27860, 0x0000027cc4b27fa8]
Event: 10.357 Thread 0x0000027cdaa30080 7597       1       org.codehaus.plexus.components.io.attributes.FileAttributes::isDirectory (5 bytes)
Event: 10.357 Thread 0x0000027cdaa30080 nmethod 7597 0x0000027ccbbcbe10 code [0x0000027ccbbcbfa0, 0x0000027ccbbcc078]
Event: 10.417 Thread 0x0000027cdaa30080 7598       1       org.codehaus.plexus.archiver.ArchiveEntry::getName (5 bytes)
Event: 10.417 Thread 0x0000027cdaa30080 nmethod 7598 0x0000027ccbbcc110 code [0x0000027ccbbcc2a0, 0x0000027ccbbcc378]
Event: 10.418 Thread 0x0000027cdaa30080 7599       3       java.lang.invoke.MemberName$Factory::resolveOrNull (54 bytes)
Event: 10.418 Thread 0x0000027cdaa30080 nmethod 7599 0x0000027cc4b28290 code [0x0000027cc4b28440, 0x0000027cc4b28708]

GC Heap History (20 events):
Event: 2.530 GC heap after
{Heap after GC invocations=3 (full 0):
 garbage-first heap   total 126976K, used 13174K [0x0000000085200000, 0x0000000100000000)
  region size 1024K, 10 young (10240K), 10 survivors (10240K)
 Metaspace       used 15280K, committed 15488K, reserved 1114112K
  class space    used 1828K, committed 1920K, reserved 1048576K
}
Event: 3.270 GC heap before
{Heap before GC invocations=3 (full 0):
 garbage-first heap   total 126976K, used 78710K [0x0000000085200000, 0x0000000100000000)
  region size 1024K, 74 young (75776K), 10 survivors (10240K)
 Metaspace       used 15859K, committed 16064K, reserved 1114112K
  class space    used 1839K, committed 1920K, reserved 1048576K
}
Event: 3.285 GC heap after
{Heap after GC invocations=4 (full 0):
 garbage-first heap   total 126976K, used 16785K [0x0000000085200000, 0x0000000100000000)
  region size 1024K, 4 young (4096K), 4 survivors (4096K)
 Metaspace       used 15859K, committed 16064K, reserved 1114112K
  class space    used 1839K, committed 1920K, reserved 1048576K
}
Event: 4.575 GC heap before
{Heap before GC invocations=4 (full 0):
 garbage-first heap   total 126976K, used 108945K [0x0000000085200000, 0x0000000100000000)
  region size 1024K, 58 young (59392K), 4 survivors (4096K)
 Metaspace       used 21215K, committed 21504K, reserved 1114112K
  class space    used 2475K, committed 2624K, reserved 1048576K
}
Event: 4.585 GC heap after
{Heap after GC invocations=5 (full 0):
 garbage-first heap   total 126976K, used 25963K [0x0000000085200000, 0x0000000100000000)
  region size 1024K, 9 young (9216K), 9 survivors (9216K)
 Metaspace       used 21215K, committed 21504K, reserved 1114112K
  class space    used 2475K, committed 2624K, reserved 1048576K
}
Event: 5.119 GC heap before
{Heap before GC invocations=6 (full 0):
 garbage-first heap   total 92160K, used 73067K [0x0000000085200000, 0x0000000100000000)
  region size 1024K, 51 young (52224K), 9 survivors (9216K)
 Metaspace       used 24973K, committed 25280K, reserved 1114112K
  class space    used 2896K, committed 3008K, reserved 1048576K
}
Event: 5.138 GC heap after
{Heap after GC invocations=7 (full 0):
 garbage-first heap   total 101376K, used 44605K [0x0000000085200000, 0x0000000100000000)
  region size 1024K, 7 young (7168K), 7 survivors (7168K)
 Metaspace       used 24973K, committed 25280K, reserved 1114112K
  class space    used 2896K, committed 3008K, reserved 1048576K
}
Event: 5.140 GC heap before
{Heap before GC invocations=7 (full 0):
 garbage-first heap   total 101376K, used 45629K [0x0000000085200000, 0x0000000100000000)
  region size 1024K, 8 young (8192K), 7 survivors (7168K)
 Metaspace       used 24974K, committed 25280K, reserved 1114112K
  class space    used 2896K, committed 3008K, reserved 1048576K
}
Event: 5.146 GC heap after
{Heap after GC invocations=8 (full 0):
 garbage-first heap   total 121856K, used 46080K [0x0000000085200000, 0x0000000100000000)
  region size 1024K, 1 young (1024K), 1 survivors (1024K)
 Metaspace       used 24974K, committed 25280K, reserved 1114112K
  class space    used 2896K, committed 3008K, reserved 1048576K
}
Event: 5.822 GC heap before
{Heap before GC invocations=8 (full 0):
 garbage-first heap   total 121856K, used 83968K [0x0000000085200000, 0x0000000100000000)
  region size 1024K, 39 young (39936K), 1 survivors (1024K)
 Metaspace       used 26569K, committed 26880K, reserved 1114112K
  class space    used 3085K, committed 3264K, reserved 1048576K
}
Event: 5.829 GC heap after
{Heap after GC invocations=9 (full 0):
 garbage-first heap   total 121856K, used 53248K [0x0000000085200000, 0x0000000100000000)
  region size 1024K, 5 young (5120K), 5 survivors (5120K)
 Metaspace       used 26569K, committed 26880K, reserved 1114112K
  class space    used 3085K, committed 3264K, reserved 1048576K
}
Event: 7.017 GC heap before
{Heap before GC invocations=9 (full 0):
 garbage-first heap   total 121856K, used 88064K [0x0000000085200000, 0x0000000100000000)
  region size 1024K, 39 young (39936K), 5 survivors (5120K)
 Metaspace       used 34559K, committed 35008K, reserved 1114112K
  class space    used 4056K, committed 4288K, reserved 1048576K
}
Event: 7.027 GC heap after
{Heap after GC invocations=10 (full 0):
 garbage-first heap   total 121856K, used 53248K [0x0000000085200000, 0x0000000100000000)
  region size 1024K, 4 young (4096K), 4 survivors (4096K)
 Metaspace       used 34559K, committed 35008K, reserved 1114112K
  class space    used 4056K, committed 4288K, reserved 1048576K
}
Event: 8.908 GC heap before
{Heap before GC invocations=10 (full 0):
 garbage-first heap   total 121856K, used 80896K [0x0000000085200000, 0x0000000100000000)
  region size 1024K, 32 young (32768K), 4 survivors (4096K)
 Metaspace       used 35818K, committed 36160K, reserved 1114112K
  class space    used 4166K, committed 4352K, reserved 1048576K
}
Event: 8.920 GC heap after
{Heap after GC invocations=11 (full 0):
 garbage-first heap   total 121856K, used 54490K [0x0000000085200000, 0x0000000100000000)
  region size 1024K, 2 young (2048K), 2 survivors (2048K)
 Metaspace       used 35818K, committed 36160K, reserved 1114112K
  class space    used 4166K, committed 4352K, reserved 1048576K
}
Event: 10.210 GC heap before
{Heap before GC invocations=12 (full 0):
 garbage-first heap   total 121856K, used 89306K [0x0000000085200000, 0x0000000100000000)
  region size 1024K, 38 young (38912K), 2 survivors (2048K)
 Metaspace       used 37834K, committed 38272K, reserved 1114112K
  class space    used 4415K, committed 4608K, reserved 1048576K
}
Event: 10.216 GC heap after
{Heap after GC invocations=13 (full 0):
 garbage-first heap   total 121856K, used 55497K [0x0000000085200000, 0x0000000100000000)
  region size 1024K, 4 young (4096K), 4 survivors (4096K)
 Metaspace       used 37834K, committed 38272K, reserved 1114112K
  class space    used 4415K, committed 4608K, reserved 1048576K
}
Event: 10.229 GC heap before
{Heap before GC invocations=13 (full 0):
 garbage-first heap   total 121856K, used 56521K [0x0000000085200000, 0x0000000100000000)
  region size 1024K, 5 young (5120K), 4 survivors (4096K)
 Metaspace       used 37911K, committed 38336K, reserved 1114112K
  class space    used 4429K, committed 4608K, reserved 1048576K
}
Event: 10.235 GC heap after
{Heap after GC invocations=14 (full 0):
 garbage-first heap   total 121856K, used 43855K [0x0000000085200000, 0x0000000100000000)
  region size 1024K, 1 young (1024K), 1 survivors (1024K)
 Metaspace       used 37911K, committed 38336K, reserved 1114112K
  class space    used 4429K, committed 4608K, reserved 1048576K
}
Event: 10.423 GC heap before
{Heap before GC invocations=14 (full 0):
 garbage-first heap   total 121856K, used 64335K [0x0000000085200000, 0x0000000100000000)
  region size 1024K, 5 young (5120K), 1 survivors (1024K)
 Metaspace       used 38578K, committed 38976K, reserved 1114112K
  class space    used 4506K, committed 4672K, reserved 1048576K
}

Deoptimization events (20 events):
Event: 9.877 Thread 0x0000027cbae4b6d0 Uncommon trap: trap_request=0xffffffde fr.pc=0x0000027ccb88ef9c relative=0x000000000000007c
Event: 9.877 Thread 0x0000027cbae4b6d0 Uncommon trap: reason=class_check action=maybe_recompile pc=0x0000027ccb88ef9c method=com.google.inject.internal.MoreTypes.getRawType(Ljava/lang/reflect/Type;)Ljava/lang/Class; @ 13 c2
Event: 9.877 Thread 0x0000027cbae4b6d0 DEOPT PACKING pc=0x0000027ccb88ef9c sp=0x0000009817ffd870
Event: 9.877 Thread 0x0000027cbae4b6d0 DEOPT UNPACKING pc=0x0000027ccb2523a3 sp=0x0000009817ffd800 mode 2
Event: 9.878 Thread 0x0000027cbae4b6d0 Uncommon trap: trap_request=0xffffffde fr.pc=0x0000027ccb88ef9c relative=0x000000000000007c
Event: 9.878 Thread 0x0000027cbae4b6d0 Uncommon trap: reason=class_check action=maybe_recompile pc=0x0000027ccb88ef9c method=com.google.inject.internal.MoreTypes.getRawType(Ljava/lang/reflect/Type;)Ljava/lang/Class; @ 13 c2
Event: 9.878 Thread 0x0000027cbae4b6d0 DEOPT PACKING pc=0x0000027ccb88ef9c sp=0x0000009817ffd870
Event: 9.878 Thread 0x0000027cbae4b6d0 DEOPT UNPACKING pc=0x0000027ccb2523a3 sp=0x0000009817ffd800 mode 2
Event: 9.888 Thread 0x0000027d23034810 Uncommon trap: trap_request=0xffffff45 fr.pc=0x0000027ccba1dfe8 relative=0x0000000000001fe8
Event: 9.888 Thread 0x0000027d23034810 Uncommon trap: reason=unstable_if action=reinterpret pc=0x0000027ccba1dfe8 method=jdk.internal.org.objectweb.asm.Frame.execute(IILjdk/internal/org/objectweb/asm/Symbol;Ljdk/internal/org/objectweb/asm/SymbolTable;)V @ 1 c2
Event: 9.888 Thread 0x0000027d23034810 DEOPT PACKING pc=0x0000027ccba1dfe8 sp=0x0000009819ffc330
Event: 9.888 Thread 0x0000027d23034810 DEOPT UNPACKING pc=0x0000027ccb2523a3 sp=0x0000009819ffc2e8 mode 2
Event: 9.968 Thread 0x0000027cbae4b6d0 Uncommon trap: trap_request=0xffffff45 fr.pc=0x0000027ccb9f6208 relative=0x00000000000027c8
Event: 9.968 Thread 0x0000027cbae4b6d0 Uncommon trap: reason=unstable_if action=reinterpret pc=0x0000027ccb9f6208 method=org.codehaus.plexus.util.xml.pull.MXParser.parseAttribute()C @ 793 c2
Event: 9.968 Thread 0x0000027cbae4b6d0 DEOPT PACKING pc=0x0000027ccb9f6208 sp=0x0000009817ffba50
Event: 9.968 Thread 0x0000027cbae4b6d0 DEOPT UNPACKING pc=0x0000027ccb2523a3 sp=0x0000009817ffb9d8 mode 2
Event: 10.273 Thread 0x0000027cbae4b6d0 Uncommon trap: trap_request=0xffffffde fr.pc=0x0000027ccb980528 relative=0x0000000000001d68
Event: 10.273 Thread 0x0000027cbae4b6d0 Uncommon trap: reason=class_check action=maybe_recompile pc=0x0000027ccb980528 method=org.apache.maven.model.Plugin.clone()Lorg/apache/maven/model/Plugin; @ 94 c2
Event: 10.273 Thread 0x0000027cbae4b6d0 DEOPT PACKING pc=0x0000027ccb980528 sp=0x0000009817ffd540
Event: 10.273 Thread 0x0000027cbae4b6d0 DEOPT UNPACKING pc=0x0000027ccb2523a3 sp=0x0000009817ffd550 mode 2

Classes unloaded (0 events):
No events

Classes redefined (0 events):
No events

Internal exceptions (20 events):
Event: 9.733 Thread 0x0000027cbae4b6d0 Exception <a 'sun/nio/fs/WindowsException'{0x000000008b58d5d0}> (0x000000008b58d5d0) 
thrown [s\open\src\hotspot\share\prims\jni.cpp, line 516]
Event: 9.734 Thread 0x0000027cbae4b6d0 Exception <a 'sun/nio/fs/WindowsException'{0x000000008b58f858}> (0x000000008b58f858) 
thrown [s\open\src\hotspot\share\prims\jni.cpp, line 516]
Event: 9.738 Thread 0x0000027cbae4b6d0 Exception <a 'sun/nio/fs/WindowsException'{0x000000008b59c490}> (0x000000008b59c490) 
thrown [s\open\src\hotspot\share\prims\jni.cpp, line 516]
Event: 9.740 Thread 0x0000027cbae4b6d0 Exception <a 'sun/nio/fs/WindowsException'{0x000000008b5a9c78}> (0x000000008b5a9c78) 
thrown [s\open\src\hotspot\share\prims\jni.cpp, line 516]
Event: 9.740 Thread 0x0000027cbae4b6d0 Exception <a 'sun/nio/fs/WindowsException'{0x000000008b5abb28}> (0x000000008b5abb28) 
thrown [s\open\src\hotspot\share\prims\jni.cpp, line 516]
Event: 9.744 Thread 0x0000027cbae4b6d0 Exception <a 'sun/nio/fs/WindowsException'{0x000000008b5b7f88}> (0x000000008b5b7f88) 
thrown [s\open\src\hotspot\share\prims\jni.cpp, line 516]
Event: 9.746 Thread 0x0000027cbae4b6d0 Exception <a 'sun/nio/fs/WindowsException'{0x000000008b5c5720}> (0x000000008b5c5720) 
thrown [s\open\src\hotspot\share\prims\jni.cpp, line 516]
Event: 9.747 Thread 0x0000027cbae4b6d0 Exception <a 'sun/nio/fs/WindowsException'{0x000000008b5c75b0}> (0x000000008b5c75b0) 
thrown [s\open\src\hotspot\share\prims\jni.cpp, line 516]
Event: 9.751 Thread 0x0000027cbae4b6d0 Exception <a 'sun/nio/fs/WindowsException'{0x000000008b5d3b10}> (0x000000008b5d3b10) 
thrown [s\open\src\hotspot\share\prims\jni.cpp, line 516]
Event: 9.753 Thread 0x0000027cbae4b6d0 Exception <a 'sun/nio/fs/WindowsException'{0x000000008b5e18d8}> (0x000000008b5e18d8) 
thrown [s\open\src\hotspot\share\prims\jni.cpp, line 516]
Event: 9.753 Thread 0x0000027cbae4b6d0 Exception <a 'sun/nio/fs/WindowsException'{0x000000008b5e3bf8}> (0x000000008b5e3bf8) 
thrown [s\open\src\hotspot\share\prims\jni.cpp, line 516]
Event: 9.757 Thread 0x0000027cbae4b6d0 Exception <a 'sun/nio/fs/WindowsException'{0x000000008b5f0778}> (0x000000008b5f0778) 
thrown [s\open\src\hotspot\share\prims\jni.cpp, line 516]
Event: 9.759 Thread 0x0000027cbae4b6d0 Exception <a 'sun/nio/fs/WindowsException'{0x000000008b5fd6f8}> (0x000000008b5fd6f8) 
thrown [s\open\src\hotspot\share\prims\jni.cpp, line 516]
Event: 9.760 Thread 0x0000027cbae4b6d0 Exception <a 'sun/nio/fs/WindowsException'{0x000000008b5fef88}> (0x000000008b5fef88) 
thrown [s\open\src\hotspot\share\prims\jni.cpp, line 516]
Event: 9.763 Thread 0x0000027cbae4b6d0 Exception <a 'sun/nio/fs/WindowsException'{0x000000008b40acf0}> (0x000000008b40acf0) 
thrown [s\open\src\hotspot\share\prims\jni.cpp, line 516]
Event: 9.765 Thread 0x0000027cbae4b6d0 Exception <a 'sun/nio/fs/WindowsException'{0x000000008b4188c8}> (0x000000008b4188c8) 
thrown [s\open\src\hotspot\share\prims\jni.cpp, line 516]
Event: 9.766 Thread 0x0000027cbae4b6d0 Exception <a 'sun/nio/fs/WindowsException'{0x000000008b41ab10}> (0x000000008b41ab10) 
thrown [s\open\src\hotspot\share\prims\jni.cpp, line 516]
Event: 9.889 Thread 0x0000027d23034810 Exception <a 'java/lang/NoSuchMethodError'{0x000000008aebb018}: 'java.lang.Object java.lang.invoke.DirectMethodHandle$Holder.invokeStaticInit(java.lang.Object, java.lang.Object, long, java.lang.Object)'> (0x000000008aebb018) 
thrown [s\open\src\hotspot\share\interpreter\linkResolver.cpp, line 759]
Event: 9.889 Thread 0x0000027d23034810 Exception <a 'java/lang/NoSuchMethodError'{0x000000008ab03fa8}: 'java.lang.Object java.lang.invoke.DirectMethodHandle$Holder.newInvokeSpecial(java.lang.Object, java.lang.Object, long)'> (0x000000008ab03fa8) 
thrown [s\open\src\hotspot\share\interpreter\linkResolver.cpp, line 759]
Event: 9.890 Thread 0x0000027d23034810 Exception <a 'java/lang/NoSuchMethodError'{0x000000008ab07b18}: 'java.lang.Object java.lang.invoke.Invokers$Holder.linkToTargetMethod(java.lang.Object, long, java.lang.Object)'> (0x000000008ab07b18) 
thrown [s\open\src\hotspot\share\interpreter\linkResolver.cpp, line 759]

VM Operations (20 events):
Event: 8.976 Executing VM operation: G1Concurrent done
Event: 9.878 Executing VM operation: HandshakeAllThreads
Event: 9.878 Executing VM operation: HandshakeAllThreads done
Event: 9.890 Executing VM operation: HandshakeAllThreads
Event: 9.890 Executing VM operation: HandshakeAllThreads done
Event: 9.919 Executing VM operation: ICBufferFull
Event: 9.919 Executing VM operation: ICBufferFull done
Event: 10.156 Executing VM operation: HandshakeAllThreads
Event: 10.156 Executing VM operation: HandshakeAllThreads done
Event: 10.171 Executing VM operation: HandshakeAllThreads
Event: 10.171 Executing VM operation: HandshakeAllThreads done
Event: 10.210 Executing VM operation: G1CollectForAllocation
Event: 10.216 Executing VM operation: G1CollectForAllocation done
Event: 10.229 Executing VM operation: G1CollectForAllocation
Event: 10.235 Executing VM operation: G1CollectForAllocation done
Event: 10.277 Executing VM operation: HandshakeAllThreads
Event: 10.277 Executing VM operation: HandshakeAllThreads done
Event: 10.348 Executing VM operation: HandshakeAllThreads
Event: 10.348 Executing VM operation: HandshakeAllThreads done
Event: 10.423 Executing VM operation: G1CollectForAllocation

Events (20 events):
Event: 10.344 loading class java/util/concurrent/ConcurrentLinkedDeque
Event: 10.344 loading class java/util/concurrent/ConcurrentLinkedDeque done
Event: 10.344 loading class java/util/concurrent/ConcurrentLinkedDeque$Node
Event: 10.344 loading class java/util/concurrent/ConcurrentLinkedDeque$Node done
Event: 10.351 loading class java/io/DataOutputStream
Event: 10.352 loading class java/io/DataOutputStream done
Event: 10.357 Thread 0x0000027d23034810 Thread added: 0x0000027d23034810
Event: 10.357 Thread 0x0000027d230333d0 Thread added: 0x0000027d230333d0
Event: 10.357 Thread 0x0000027d23032ec0 Thread added: 0x0000027d23032ec0
Event: 10.357 Thread 0x0000027d23c5d5f0 Thread added: 0x0000027d23c5d5f0
Event: 10.357 Thread 0x0000027d23c59e40 Thread added: 0x0000027d23c59e40
Event: 10.357 Thread 0x0000027d23c5ad70 Thread added: 0x0000027d23c5ad70
Event: 10.358 Thread 0x0000027d23c5d0e0 Thread added: 0x0000027d23c5d0e0
Event: 10.358 Thread 0x0000027d23c5a350 Thread added: 0x0000027d23c5a350
Event: 10.359 Thread 0x0000027d23c5db00 Thread added: 0x0000027d23c5db00
Event: 10.359 Thread 0x0000027d23c5e010 Thread added: 0x0000027d23c5e010
Event: 10.359 Thread 0x0000027d23c5a860 Thread added: 0x0000027d23c5a860
Event: 10.359 Thread 0x0000027d23c5c6c0 Thread added: 0x0000027d23c5c6c0
Event: 10.417 loading class java/util/concurrent/ConcurrentLinkedQueue$Itr
Event: 10.418 loading class java/util/concurrent/ConcurrentLinkedQueue$Itr done


Dynamic libraries:
0x00007ff616ea0000 - 0x00007ff616eb0000 	C:\Program Files\Java\jdk-17\bin\java.exe
0x00007ffed6f80000 - 0x00007ffed71e7000 	C:\WINDOWS\SYSTEM32\ntdll.dll
0x00007ffed5ce0000 - 0x00007ffed5da9000 	C:\WINDOWS\System32\KERNEL32.DLL
0x00007ffed45b0000 - 0x00007ffed49a1000 	C:\WINDOWS\System32\KERNELBASE.dll
0x00007ffed4a60000 - 0x00007ffed4bab000 	C:\WINDOWS\System32\ucrtbase.dll
0x00007ffe7fbd0000 - 0x00007ffe7fbe9000 	C:\Program Files\Java\jdk-17\bin\jli.dll
0x00007ffe7f520000 - 0x00007ffe7f53b000 	C:\Program Files\Java\jdk-17\bin\VCRUNTIME140.dll
0x00007ffed6e60000 - 0x00007ffed6f1b000 	C:\WINDOWS\System32\ADVAPI32.dll
0x00007ffed4d20000 - 0x00007ffed4dc9000 	C:\WINDOWS\System32\msvcrt.dll
0x00007ffed5b30000 - 0x00007ffed5bd7000 	C:\WINDOWS\System32\sechost.dll
0x00007ffed6090000 - 0x00007ffed61a8000 	C:\WINDOWS\System32\RPCRT4.dll
0x00007ffed6ab0000 - 0x00007ffed6c75000 	C:\WINDOWS\System32\USER32.dll
0x00007ffed42e0000 - 0x00007ffed4307000 	C:\WINDOWS\System32\win32u.dll
0x00007ffeb3e70000 - 0x00007ffeb4103000 	C:\WINDOWS\WinSxS\amd64_microsoft.windows.common-controls_6595b64144ccf1df_6.0.26100.8037_none_3e092faae333b53b\COMCTL32.dll
0x00007ffed5cb0000 - 0x00007ffed5cdb000 	C:\WINDOWS\System32\GDI32.dll
0x00007ffed4480000 - 0x00007ffed45ab000 	C:\WINDOWS\System32\gdi32full.dll
0x00007ffed49b0000 - 0x00007ffed4a53000 	C:\WINDOWS\System32\msvcp_win.dll
0x00007ffec2cc0000 - 0x00007ffec2ccb000 	C:\WINDOWS\SYSTEM32\VERSION.dll
0x00007ffed4e70000 - 0x00007ffed4ea1000 	C:\WINDOWS\System32\IMM32.DLL
0x00007ffed0aa0000 - 0x00007ffed0aac000 	C:\Program Files\Java\jdk-17\bin\vcruntime140_1.dll
0x00007ffe43f00000 - 0x00007ffe43f8e000 	C:\Program Files\Java\jdk-17\bin\msvcp140.dll
0x00007ffe37d70000 - 0x00007ffe38950000 	C:\Program Files\Java\jdk-17\bin\server\jvm.dll
0x00007ffed4e50000 - 0x00007ffed4e58000 	C:\WINDOWS\System32\PSAPI.DLL
0x00007ffeb0bd0000 - 0x00007ffeb0bda000 	C:\WINDOWS\SYSTEM32\WSOCK32.dll
0x00007ffec8140000 - 0x00007ffec8175000 	C:\WINDOWS\SYSTEM32\WINMM.dll
0x00007ffed5130000 - 0x00007ffed51a4000 	C:\WINDOWS\System32\WS2_32.dll
0x00007ffed25f0000 - 0x00007ffed260b000 	C:\WINDOWS\SYSTEM32\kernel.appcore.dll
0x00007ffeadcb0000 - 0x00007ffeadcba000 	C:\Program Files\Java\jdk-17\bin\jimage.dll
0x00007ffed16a0000 - 0x00007ffed18e2000 	C:\WINDOWS\SYSTEM32\DBGHELP.DLL
0x00007ffed6710000 - 0x00007ffed6a92000 	C:\WINDOWS\System32\combase.dll
0x00007ffed5050000 - 0x00007ffed5127000 	C:\WINDOWS\System32\OLEAUT32.dll
0x00007ffeb39c0000 - 0x00007ffeb39fb000 	C:\WINDOWS\SYSTEM32\dbgcore.DLL
0x00007ffed4bb0000 - 0x00007ffed4c55000 	C:\WINDOWS\System32\bcryptPrimitives.dll
0x00007ffe7f3b0000 - 0x00007ffe7f3d5000 	C:\Program Files\Java\jdk-17\bin\java.dll
0x00007ffe3ae70000 - 0x00007ffe3af47000 	C:\Program Files\Java\jdk-17\bin\jsvml.dll
0x00007ffed51b0000 - 0x00007ffed590f000 	C:\WINDOWS\System32\SHELL32.dll
0x00007ffed4310000 - 0x00007ffed447a000 	C:\WINDOWS\System32\wintypes.dll
0x00007ffed3860000 - 0x00007ffed40c4000 	C:\WINDOWS\System32\windows.storage.dll
0x00007ffed5db0000 - 0x00007ffed5ea7000 	C:\WINDOWS\System32\SHCORE.dll
0x00007ffed5c40000 - 0x00007ffed5ca7000 	C:\WINDOWS\System32\shlwapi.dll
0x00007ffed3780000 - 0x00007ffed37a9000 	C:\WINDOWS\SYSTEM32\profapi.dll
0x00007ffe7f500000 - 0x00007ffe7f519000 	C:\Program Files\Java\jdk-17\bin\net.dll
0x00007ffec74e0000 - 0x00007ffec7607000 	C:\WINDOWS\SYSTEM32\WINHTTP.dll
0x00007ffed2b60000 - 0x00007ffed2bcb000 	C:\WINDOWS\system32\mswsock.dll
0x00007ffe6de70000 - 0x00007ffe6de86000 	C:\Program Files\Java\jdk-17\bin\nio.dll
0x00007ffe6d1e0000 - 0x00007ffe6d1f8000 	C:\Program Files\Java\jdk-17\bin\zip.dll
0x00007ffe6a990000 - 0x00007ffe6a9b4000 	C:\Users\V\.m2\wrapper\dists\apache-maven-3.9.14\ed7edd442f634ac1c1ef5ba2b61b6d690b5221091f1a8e1123f5fadcc967520d\lib\jansi-native\Windows\x86_64\jansi.dll
0x00007ffeadb70000 - 0x00007ffeadb80000 	C:\Program Files\Java\jdk-17\bin\verify.dll
0x00007ffeced00000 - 0x00007ffeced0e000 	C:\Program Files\Java\jdk-17\bin\sunmscapi.dll
0x00007ffed4160000 - 0x00007ffed42d7000 	C:\WINDOWS\System32\CRYPT32.dll
0x00007ffed3060000 - 0x00007ffed3090000 	C:\WINDOWS\SYSTEM32\ncrypt.dll
0x00007ffed3010000 - 0x00007ffed304f000 	C:\WINDOWS\SYSTEM32\NTASN1.dll
0x00007ffed2e50000 - 0x00007ffed2e6b000 	C:\WINDOWS\SYSTEM32\CRYPTSP.dll
0x00007ffed2550000 - 0x00007ffed2589000 	C:\WINDOWS\system32\rsaenh.dll
0x00007ffed2c10000 - 0x00007ffed2c42000 	C:\WINDOWS\SYSTEM32\USERENV.dll
0x00007ffed3750000 - 0x00007ffed377a000 	C:\WINDOWS\SYSTEM32\bcrypt.dll
0x00007ffed2e40000 - 0x00007ffed2e4c000 	C:\WINDOWS\SYSTEM32\CRYPTBASE.dll
0x00007ffed2000000 - 0x00007ffed2033000 	C:\WINDOWS\SYSTEM32\IPHLPAPI.DLL
0x00007ffed6aa0000 - 0x00007ffed6aaa000 	C:\WINDOWS\System32\NSI.dll
0x00007ffecac30000 - 0x00007ffecac4d000 	C:\WINDOWS\SYSTEM32\dhcpcsvc6.DLL
0x00007ffecabf0000 - 0x00007ffecac13000 	C:\WINDOWS\SYSTEM32\dhcpcsvc.DLL
0x00007ffed20a0000 - 0x00007ffed21ca000 	C:\WINDOWS\SYSTEM32\DNSAPI.dll
0x00007ffec7c60000 - 0x00007ffec7c6b000 	C:\Windows\System32\rasadhlp.dll
0x00007ffecaeb0000 - 0x00007ffecaf36000 	C:\WINDOWS\System32\fwpuclnt.dll

dbghelp: loaded successfully - version: 4.0.5 - missing functions: none
symbol engine: initialized successfully - sym options: 0x614 - pdb path: .;C:\Program Files\Java\jdk-17\bin;C:\WINDOWS\SYSTEM32;C:\WINDOWS\WinSxS\amd64_microsoft.windows.common-controls_6595b64144ccf1df_6.0.26100.8037_none_3e092faae333b53b;C:\Program Files\Java\jdk-17\bin\server;C:\Users\V\.m2\wrapper\dists\apache-maven-3.9.14\ed7edd442f634ac1c1ef5ba2b61b6d690b5221091f1a8e1123f5fadcc967520d\lib\jansi-native\Windows\x86_64

VM Arguments:
jvm_args: --enable-native-access=ALL-UNNAMED -Dclassworlds.conf=C:\Users\V\.m2\wrapper\dists\apache-maven-3.9.14\ed7edd442f634ac1c1ef5ba2b61b6d690b5221091f1a8e1123f5fadcc967520d\bin\m2.conf -Dmaven.home=C:\Users\V\.m2\wrapper\dists\apache-maven-3.9.14\ed7edd442f634ac1c1ef5ba2b61b6d690b5221091f1a8e1123f5fadcc967520d -Dlibrary.jansi.path=C:\Users\V\.m2\wrapper\dists\apache-maven-3.9.14\ed7edd442f634ac1c1ef5ba2b61b6d690b5221091f1a8e1123f5fadcc967520d\lib\jansi-native -Dmaven.multiModuleProjectDirectory=D:\yosker\Capgemini-Training\All-Capg-Workspace\JWT\auth-service 
java_command: org.codehaus.plexus.classworlds.launcher.Launcher package -DskipTests -q
java_class_path (initial): C:\Users\V\.m2\wrapper\dists\apache-maven-3.9.14\ed7edd442f634ac1c1ef5ba2b61b6d690b5221091f1a8e1123f5fadcc967520d\boot\plexus-classworlds-2.9.0.jar
Launcher Type: SUN_STANDARD

[Global flags]
     intx CICompilerCount                          = 4                                         {product} {ergonomic}
     uint ConcGCThreads                            = 3                                         {product} {ergonomic}
     uint G1ConcRefinementThreads                  = 10                                        {product} {ergonomic}
   size_t G1HeapRegionSize                         = 1048576                                   {product} {ergonomic}
    uintx GCDrainStackTargetSize                   = 64                                        {product} {ergonomic}
   size_t InitialHeapSize                          = 130023424                                 {product} {ergonomic}
   size_t MarkStackSize                            = 4194304                                   {product} {ergonomic}
   size_t MaxHeapSize                              = 2061500416                                {product} {ergonomic}
   size_t MaxNewSize                               = 1236271104                                {product} {ergonomic}
   size_t MinHeapDeltaBytes                        = 1048576                                   {product} {ergonomic}
   size_t MinHeapSize                              = 8388608                                   {product} {ergonomic}
    uintx NonNMethodCodeHeapSize                   = 5839372                                {pd product} {ergonomic}
    uintx NonProfiledCodeHeapSize                  = 122909434                              {pd product} {ergonomic}
    uintx ProfiledCodeHeapSize                     = 122909434                              {pd product} {ergonomic}
    uintx ReservedCodeCacheSize                    = 251658240                              {pd product} {ergonomic}
     bool SegmentedCodeCache                       = true                                      {product} {ergonomic}
   size_t SoftMaxHeapSize                          = 2061500416                             {manageable} {ergonomic}
     bool UseCompressedClassPointers               = true                           {product lp64_product} {ergonomic}
     bool UseCompressedOops                        = true                           {product lp64_product} {ergonomic}
     bool UseG1GC                                  = true                                      {product} {ergonomic}
     bool UseLargePagesIndividualAllocation        = false                                  {pd product} {ergonomic}

Logging:
Log output configuration:
 #0: stdout all=warning uptime,level,tags
 #1: stderr all=off uptime,level,tags

Environment Variables:
JAVA_HOME=C:\Program Files\Java\jdk-17
PATH=C:\Program Files\Common Files\Oracle\Java\javapath;C:\Program Files (x86)\Common Files\Oracle\Java\java8path;C:\Program Files (x86)\Common Files\Oracle\Java\javapath;C:\Users\V\AppData\Local\Programs\Python\Python311;C:\Users\V\AppData\Local\Programs\Python\Python311\Scripts;D:\Games\apps\Git\cmd;D:\Games\apps\apache mavin\apache-maven-3.9.9\bin;C:\Program Files\NVIDIA Corporation\NVIDIA app\NvDLISR;C:\Program Files\Java\jdk-17\bin;C:\hadoopsetup\hadoop-3.2.4\bin;C:\Program Files\nodejs\;C:\hive\apache-hive-3.1.3-bin\apache-hive-3.1.3-bin\bin;C:\derby\db-derby-10.14.2.0-bin\db-derby-10.14.2.0-bin\bin;C:\pig-0.17.0\pig-0.17.0\bin;C:\hbase\bin;C:\Program Files\GitHub CLI\;C:\Windows\System32;C:\Program Files\PostgreSQL\17\bin;C:\spark\bin;C:\WINDOWS\system32;C:\WINDOWS;C:\WINDOWS\System32\Wbem;C:\WINDOWS\System32\WindowsPowerShell\v1.0\;C:\WINDOWS\System32\OpenSSH\;C:\kafka_2.12-3.9.1\bin;D:\Games\teraform;C:\Program Files\Puppet Labs\Puppet\bin;C:\Program Files\PuTTY\;C:\Program Files\Docker\Docker\resources\bin;C:\Users\V\AppData\Local\Programs\Python\Python313\Scripts\;C:\Users\V\AppData\Local\Programs\Python\Python313;C:\Users\V\AppData\Local\Microsoft\WindowsApps;C:\Program Files\JetBrains\PyCharm Community Edition 2022.2.2\bin;;C:\Program Files\JetBrains\IntelliJ IDEA Community Edition 2023.3.2\bin;;C:\Program Files (x86)\FreeArc\bin;C:\Users\V\AppData\Roaming\npm;C:\Users\V\AppData\Local\Programs\Microsoft VS Code\bin;C:\Users\V\AppData\Local\Programs\Python\Python313\Scripts;D:\Games\apps\PyCharm 2025.1.2\bin;;D:\Games\apps\Kiro\bin
USERNAME=V
LANG=en_US.UTF-8
OS=Windows_NT
PROCESSOR_IDENTIFIER=Intel64 Family 6 Model 154 Stepping 3, GenuineIntel



---------------  S Y S T E M  ---------------

OS:
 Windows 11 , 64 bit Build 26100 (10.0.26100.7920)
OS uptime: 0 days 3:21 hours
Hyper-V role detected

CPU: total 12 (initial active 12) (6 cores per cpu, 2 threads per core) family 6 model 154 stepping 3 microcode 0x434, cx8, cmov, fxsr, ht, mmx, 3dnowpref, sse, sse2, sse3, ssse3, sse4.1, sse4.2, popcnt, lzcnt, tsc, tscinvbit, avx, avx2, aes, erms, clmul, bmi1, bmi2, adx, sha, fma, vzeroupper, clflush, clflushopt, clwb, hv

Memory: 4k page, system-wide physical 7860M (623M free)
TotalPageFile size 20148M (AvailPageFile size 117M)
current process WorkingSet (physical memory assigned to process): 301M, peak: 309M
current process commit charge ("private bytes"): 349M, peak: 562M

vm_info: Java HotSpot(TM) 64-Bit Server VM (17.0.12+8-LTS-286) for windows-amd64 JRE (17.0.12+8-LTS-286), built on Jun  5 2024 06:46:59 by "mach5one" with MS VC++ 17.6 (VS2022)

END.
