#
# There is insufficient memory for the Java Runtime Environment to continue.
# Native memory allocation (mmap) failed to map 53477376 bytes for G1 virtual space
# Possible reasons:
#   The system is out of physical RAM or swap space
#   The process is running with CompressedOops enabled, and the Java Heap may be blocking the growth of the native heap
# Possible solutions:
#   Reduce memory load on the system
#   Increase physical memory or swap space
#   Check if swap backing store is full
#   Decrease Java heap size (-Xmx/-Xms)
#   Decrease number of Java threads
#   Decrease Java thread stack sizes (-Xss)
#   Set larger code cache with -XX:ReservedCodeCacheSize=
#   JVM is running with Unscaled Compressed Oops mode in which the Java heap is
#     placed in the first 4GB address space. The Java Heap base address is the
#     maximum limit for the native heap growth. Please use -XX:HeapBaseMinAddress
#     to set the Java Heap base and to place the Java Heap above 4GB virtual address.
# This output file may be truncated or incomplete.
#
#  Out of Memory Error (os_windows.cpp:3548), pid=28592, tid=12452
#
# JRE version: Java(TM) SE Runtime Environment (17.0.12+8) (build 17.0.12+8-LTS-286)
# Java VM: Java HotSpot(TM) 64-Bit Server VM (17.0.12+8-LTS-286, mixed mode, sharing, tiered, compressed oops, compressed class ptrs, g1 gc, windows-amd64)
# No core dump will be written. Minidumps are not enabled by default on client versions of Windows
#

---------------  S U M M A R Y ------------

Command Line: -Dclassworlds.conf=D:\Games\apps\apache mavin\apache-maven-3.9.9\bin\m2.conf -Dmaven.home=D:\Games\apps\apache mavin\apache-maven-3.9.9 -Dlibrary.jansi.path=D:\Games\apps\apache mavin\apache-maven-3.9.9\lib\jansi-native -Dmaven.multiModuleProjectDirectory=D:\yosker\Capgemini-Training\All-Capg-Workspace\JWT\pharmacy-microservices org.codehaus.plexus.classworlds.launcher.Launcher compile -pl auth-service --no-transfer-progress

Host: 12th Gen Intel(R) Core(TM) i5-12450H, 12 cores, 7G,  Windows 11 , 64 bit Build 26100 (10.0.26100.7920)
Time: Fri Mar 27 14:28:55 2026 India Standard Time elapsed time: 8.754932 seconds (0d 0h 0m 8s)

---------------  T H R E A D  ---------------

Current thread (0x000001a762ff1770):  VMThread "VM Thread" [stack: 0x000000368d800000,0x000000368d900000] [id=12452]

Stack: [0x000000368d800000,0x000000368d900000]
Native frames: (J=compiled Java code, j=interpreted, Vv=VM code, C=native code)
V  [jvm.dll+0x67a04a]
V  [jvm.dll+0x7da4ed]
V  [jvm.dll+0x7dbe33]
V  [jvm.dll+0x7dc4a3]
V  [jvm.dll+0x24508f]
V  [jvm.dll+0x677089]
V  [jvm.dll+0x66bd32]
V  [jvm.dll+0x301fa6]
V  [jvm.dll+0x309546]
V  [jvm.dll+0x359d2e]
V  [jvm.dll+0x359f5f]
V  [jvm.dll+0x2d9078]
V  [jvm.dll+0x2d74ad]
V  [jvm.dll+0x2d6afc]
V  [jvm.dll+0x31a65b]
V  [jvm.dll+0x7e0d9b]
V  [jvm.dll+0x7e1ad4]
V  [jvm.dll+0x7e1fed]
V  [jvm.dll+0x7e23c4]
V  [jvm.dll+0x7e2490]
V  [jvm.dll+0x78abea]
V  [jvm.dll+0x678f35]
C  [ucrtbase.dll+0x37b0]
C  [KERNEL32.DLL+0x2e8d7]
C  [ntdll.dll+0x8c48c]

VM_Operation (0x000000368d2fc090): G1CollectForAllocation, mode: safepoint, requested by thread 0x000001a744c964d0


---------------  P R O C E S S  ---------------

Threads class SMR info:
_java_thread_list=0x000001a7692ba750, length=14, elements={
0x000001a744c964d0, 0x000001a762ff8ca0, 0x000001a762ffa1d0, 0x000001a76300e7c0,
0x000001a763011190, 0x000001a7630136d0, 0x000001a763014c00, 0x000001a763017690,
0x000001a763018550, 0x000001a763019ac0, 0x000001a763276910, 0x000001a76329f870,
0x000001a763b82bb0, 0x000001a76a42a930
}

Java Threads: ( => current thread )
  0x000001a744c964d0 JavaThread "main" [_thread_blocked, id=15948, stack(0x000000368d200000,0x000000368d300000)]
  0x000001a762ff8ca0 JavaThread "Reference Handler" daemon [_thread_blocked, id=1756, stack(0x000000368d900000,0x000000368da00000)]
  0x000001a762ffa1d0 JavaThread "Finalizer" daemon [_thread_blocked, id=6904, stack(0x000000368da00000,0x000000368db00000)]
  0x000001a76300e7c0 JavaThread "Signal Dispatcher" daemon [_thread_blocked, id=13192, stack(0x000000368db00000,0x000000368dc00000)]
  0x000001a763011190 JavaThread "Attach Listener" daemon [_thread_blocked, id=15800, stack(0x000000368dc00000,0x000000368dd00000)]
  0x000001a7630136d0 JavaThread "Service Thread" daemon [_thread_blocked, id=30636, stack(0x000000368dd00000,0x000000368de00000)]
  0x000001a763014c00 JavaThread "Monitor Deflation Thread" daemon [_thread_blocked, id=23388, stack(0x000000368de00000,0x000000368df00000)]
  0x000001a763017690 JavaThread "C2 CompilerThread0" daemon [_thread_blocked, id=8176, stack(0x000000368df00000,0x000000368e000000)]
  0x000001a763018550 JavaThread "C1 CompilerThread0" daemon [_thread_blocked, id=6872, stack(0x000000368e000000,0x000000368e100000)]
  0x000001a763019ac0 JavaThread "Sweeper thread" daemon [_thread_blocked, id=29460, stack(0x000000368e100000,0x000000368e200000)]
  0x000001a763276910 JavaThread "Notification Thread" daemon [_thread_blocked, id=22852, stack(0x000000368e200000,0x000000368e300000)]
  0x000001a76329f870 JavaThread "Common-Cleaner" daemon [_thread_blocked, id=16064, stack(0x000000368e400000,0x000000368e500000)]
  0x000001a763b82bb0 JavaThread "C2 CompilerThread1" daemon [_thread_blocked, id=22224, stack(0x000000368e500000,0x000000368e600000)]
  0x000001a76a42a930 JavaThread "C2 CompilerThread2" daemon [_thread_blocked, id=7696, stack(0x000000368f100000,0x000000368f200000)]

Other Threads:
=>0x000001a762ff1770 VMThread "VM Thread" [stack: 0x000000368d800000,0x000000368d900000] [id=12452]
  0x000001a76329b210 WatcherThread [stack: 0x000000368e300000,0x000000368e400000] [id=13236]
  0x000001a744cf0f80 GCTaskThread "GC Thread#0" [stack: 0x000000368d300000,0x000000368d400000] [id=27880]
  0x000001a7632bc040 GCTaskThread "GC Thread#1" [stack: 0x000000368e600000,0x000000368e700000] [id=4792]
  0x000001a7632bd0c0 GCTaskThread "GC Thread#2" [stack: 0x000000368e700000,0x000000368e800000] [id=8172]
  0x000001a7632bc5c0 GCTaskThread "GC Thread#3" [stack: 0x000000368e800000,0x000000368e900000] [id=4624]
  0x000001a7632bc880 GCTaskThread "GC Thread#4" [stack: 0x000000368e900000,0x000000368ea00000] [id=11576]
  0x000001a7632bb540 GCTaskThread "GC Thread#5" [stack: 0x000000368ea00000,0x000000368eb00000] [id=2928]
  0x000001a7632bcb40 GCTaskThread "GC Thread#6" [stack: 0x000000368eb00000,0x000000368ec00000] [id=7112]
  0x000001a7632bce00 GCTaskThread "GC Thread#7" [stack: 0x000000368ec00000,0x000000368ed00000] [id=30008]
  0x000001a7632bb800 GCTaskThread "GC Thread#8" [stack: 0x000000368ed00000,0x000000368ee00000] [id=4452]
  0x000001a7632bbac0 GCTaskThread "GC Thread#9" [stack: 0x000000368ee00000,0x000000368ef00000] [id=27996]
  0x000001a744d01490 ConcurrentGCThread "G1 Main Marker" [stack: 0x000000368d400000,0x000000368d500000] [id=24348]
  0x000001a744d03010 ConcurrentGCThread "G1 Conc#0" [stack: 0x000000368d500000,0x000000368d600000] [id=13092]
  0x000001a76834a740 ConcurrentGCThread "G1 Conc#1" [stack: 0x000000368ef00000,0x000000368f000000] [id=1624]
  0x000001a768349c40 ConcurrentGCThread "G1 Conc#2" [stack: 0x000000368f000000,0x000000368f100000] [id=28372]
  0x000001a762e980e0 ConcurrentGCThread "G1 Refine#0" [stack: 0x000000368d600000,0x000000368d700000] [id=25980]
  0x000001a744d5ddd0 ConcurrentGCThread "G1 Service" [stack: 0x000000368d700000,0x000000368d800000] [id=3008]

Threads with active compile tasks:
C1 CompilerThread0     8775 5741       3       jdk.internal.jrtfs.JrtPath::getResolved (50 bytes)

VM state: at safepoint (normal execution)

VM Mutex/Monitor currently owned by a thread:  ([mutex/lock_event])
[0x000001a744c91cb0] Threads_lock - owner thread: 0x000001a762ff1770
[0x000001a744c91f80] Heap_lock - owner thread: 0x000001a744c964d0

Heap address: 0x0000000085200000, size: 1966 MB, Compressed Oops mode: 32-bit

CDS archive(s) mapped at: [0x000001a700000000-0x000001a700bd0000-0x000001a700bd0000), size 12386304, SharedBaseAddress: 0x000001a700000000, ArchiveRelocationMode: 1.
Compressed class space mapped at: 0x000001a701000000-0x000001a741000000, reserved size: 1073741824
Narrow klass base: 0x000001a700000000, Narrow klass shift: 0, Narrow klass range: 0x100000000

GC Precious Log:
 CPUs: 12 total, 12 available
 Memory: 7860M
 Large Page Support: Disabled
 NUMA Support: Disabled
 Compressed Oops: Enabled (32-bit)
 Heap Region Size: 1M
 Heap Min Capacity: 8M
 Heap Initial Capacity: 124M
 Heap Max Capacity: 1966M
 Pre-touch: Disabled
 Parallel Workers: 10
 Concurrent Workers: 3
 Concurrent Refinement Workers: 10
 Periodic GC: Disabled

Heap:
 garbage-first heap   total 136192K, used 44478K [0x0000000085200000, 0x0000000100000000)
  region size 1024K, 3 young (3072K), 3 survivors (3072K)
 Metaspace       used 25786K, committed 26048K, reserved 1114112K
  class space    used 2987K, committed 3136K, reserved 1048576K

Heap Regions: E=young(eden), S=young(survivor), O=old, HS=humongous(starts), HC=humongous(continues), CS=collection set, F=free, OA=open archive, CA=closed archive, TAMS=top-at-mark-start (previous, next)
|   0|0x0000000085200000, 0x0000000085300000, 0x0000000085300000|100%| O|  |TAMS 0x0000000085300000, 0x0000000085300000| Untracked 
|   1|0x0000000085300000, 0x0000000085400000, 0x0000000085400000|100%| O|  |TAMS 0x0000000085400000, 0x0000000085400000| Untracked 
|   2|0x0000000085400000, 0x0000000085500000, 0x0000000085500000|100%| O|  |TAMS 0x0000000085500000, 0x0000000085500000| Untracked 
|   3|0x0000000085500000, 0x0000000085600000, 0x0000000085600000|100%| O|  |TAMS 0x0000000085600000, 0x0000000085600000| Untracked 
|   4|0x0000000085600000, 0x0000000085700000, 0x0000000085700000|100%| O|  |TAMS 0x0000000085700000, 0x0000000085700000| Untracked 
|   5|0x0000000085700000, 0x0000000085800000, 0x0000000085800000|100%| O|  |TAMS 0x0000000085800000, 0x0000000085800000| Untracked 
|   6|0x0000000085800000, 0x0000000085900000, 0x0000000085900000|100%| O|  |TAMS 0x0000000085900000, 0x0000000085900000| Untracked 
|   7|0x0000000085900000, 0x0000000085a00000, 0x0000000085a00000|100%| O|  |TAMS 0x0000000085a00000, 0x0000000085a00000| Untracked 
|   8|0x0000000085a00000, 0x0000000085b00000, 0x0000000085b00000|100%| O|  |TAMS 0x0000000085b00000, 0x0000000085b00000| Untracked 
|   9|0x0000000085b00000, 0x0000000085c00000, 0x0000000085c00000|100%| O|  |TAMS 0x0000000085c00000, 0x0000000085c00000| Untracked 
|  10|0x0000000085c00000, 0x0000000085d00000, 0x0000000085d00000|100%| O|  |TAMS 0x0000000085c00000, 0x0000000085c00000| Untracked 
|  11|0x0000000085d00000, 0x0000000085e00000, 0x0000000085e00000|100%| O|  |TAMS 0x0000000085e00000, 0x0000000085e00000| Untracked 
|  12|0x0000000085e00000, 0x0000000085eef800, 0x0000000085f00000| 93%| O|  |TAMS 0x0000000085eef800, 0x0000000085eef800| Untracked 
|  13|0x0000000085f00000, 0x0000000086000000, 0x0000000086000000|100%|HS|  |TAMS 0x0000000085f00000, 0x0000000086000000| Complete 
|  14|0x0000000086000000, 0x0000000086100000, 0x0000000086100000|100%|HS|  |TAMS 0x0000000086000000, 0x0000000086100000| Complete 
|  15|0x0000000086100000, 0x0000000086200000, 0x0000000086200000|100%| O|  |TAMS 0x0000000086100000, 0x0000000086200000| Untracked 
|  16|0x0000000086200000, 0x0000000086300000, 0x0000000086300000|100%|HS|  |TAMS 0x0000000086200000, 0x0000000086300000| Complete 
|  17|0x0000000086300000, 0x0000000086400000, 0x0000000086400000|100%|HS|  |TAMS 0x0000000086300000, 0x0000000086400000| Complete 
|  18|0x0000000086400000, 0x0000000086500000, 0x0000000086500000|100%| O|  |TAMS 0x0000000086400000, 0x0000000086500000| Untracked 
|  19|0x0000000086500000, 0x0000000086600000, 0x0000000086600000|100%| O|  |TAMS 0x0000000086500000, 0x0000000086600000| Untracked 
|  20|0x0000000086600000, 0x0000000086700000, 0x0000000086700000|100%| O|  |TAMS 0x0000000086600000, 0x0000000086700000| Untracked 
|  21|0x0000000086700000, 0x0000000086800000, 0x0000000086800000|100%| O|  |TAMS 0x0000000086700000, 0x0000000086800000| Untracked 
|  22|0x0000000086800000, 0x0000000086900000, 0x0000000086900000|100%| O|  |TAMS 0x0000000086800000, 0x0000000086900000| Untracked 
|  23|0x0000000086900000, 0x0000000086a00000, 0x0000000086a00000|100%| O|  |TAMS 0x0000000086900000, 0x0000000086a00000| Untracked 
|  24|0x0000000086a00000, 0x0000000086b00000, 0x0000000086b00000|100%| O|  |TAMS 0x0000000086a00000, 0x0000000086a00000| Untracked 
|  25|0x0000000086b00000, 0x0000000086c00000, 0x0000000086c00000|100%| O|  |TAMS 0x0000000086b00000, 0x0000000086b00000| Untracked 
|  26|0x0000000086c00000, 0x0000000086c80000, 0x0000000086d00000| 50%| O|  |TAMS 0x0000000086c00000, 0x0000000086c00000| Untracked 
|  27|0x0000000086d00000, 0x0000000086d00000, 0x0000000086e00000|  0%| F|  |TAMS 0x0000000086d00000, 0x0000000086d00000| Untracked 
|  28|0x0000000086e00000, 0x0000000086e00000, 0x0000000086f00000|  0%| F|  |TAMS 0x0000000086e00000, 0x0000000086e00000| Untracked 
|  29|0x0000000086f00000, 0x0000000087000000, 0x0000000087000000|100%| O|  |TAMS 0x0000000086f00000, 0x0000000087000000| Untracked 
|  30|0x0000000087000000, 0x0000000087100000, 0x0000000087100000|100%| O|  |TAMS 0x0000000087000000, 0x0000000087100000| Untracked 
|  31|0x0000000087100000, 0x0000000087200000, 0x0000000087200000|100%| O|  |TAMS 0x0000000087100000, 0x0000000087200000| Untracked 
|  32|0x0000000087200000, 0x0000000087300000, 0x0000000087300000|100%| O|  |TAMS 0x0000000087200000, 0x0000000087300000| Untracked 
|  33|0x0000000087300000, 0x0000000087400000, 0x0000000087400000|100%| O|  |TAMS 0x0000000087300000, 0x0000000087380000| Untracked 
|  34|0x0000000087400000, 0x0000000087400000, 0x0000000087500000|  0%| F|  |TAMS 0x0000000087400000, 0x0000000087400000| Untracked 
|  35|0x0000000087500000, 0x0000000087500000, 0x0000000087600000|  0%| F|  |TAMS 0x0000000087500000, 0x0000000087500000| Untracked 
|  36|0x0000000087600000, 0x0000000087600000, 0x0000000087700000|  0%| F|  |TAMS 0x0000000087600000, 0x0000000087600000| Untracked 
|  37|0x0000000087700000, 0x0000000087700000, 0x0000000087800000|  0%| F|  |TAMS 0x0000000087700000, 0x0000000087700000| Untracked 
|  38|0x0000000087800000, 0x0000000087800000, 0x0000000087900000|  0%| F|  |TAMS 0x0000000087800000, 0x0000000087800000| Untracked 
|  39|0x0000000087900000, 0x0000000087900000, 0x0000000087a00000|  0%| F|  |TAMS 0x0000000087900000, 0x0000000087900000| Untracked 
|  40|0x0000000087a00000, 0x0000000087a00000, 0x0000000087b00000|  0%| F|  |TAMS 0x0000000087a00000, 0x0000000087a00000| Untracked 
|  41|0x0000000087b00000, 0x0000000087b00000, 0x0000000087c00000|  0%| F|  |TAMS 0x0000000087b00000, 0x0000000087b00000| Untracked 
|  42|0x0000000087c00000, 0x0000000087c00000, 0x0000000087d00000|  0%| F|  |TAMS 0x0000000087c00000, 0x0000000087c00000| Untracked 
|  43|0x0000000087d00000, 0x0000000087d00000, 0x0000000087e00000|  0%| F|  |TAMS 0x0000000087d00000, 0x0000000087d00000| Untracked 
|  44|0x0000000087e00000, 0x0000000087f00000, 0x0000000087f00000|100%| S|CS|TAMS 0x0000000087e00000, 0x0000000087e00000| Complete 
|  45|0x0000000087f00000, 0x0000000088000000, 0x0000000088000000|100%| S|CS|TAMS 0x0000000087f00000, 0x0000000087f00000| Complete 
|  46|0x0000000088000000, 0x0000000088100000, 0x0000000088100000|100%| S|CS|TAMS 0x0000000088000000, 0x0000000088000000| Complete 
|  47|0x0000000088100000, 0x0000000088100000, 0x0000000088200000|  0%| F|  |TAMS 0x0000000088100000, 0x0000000088100000| Untracked 
|  48|0x0000000088200000, 0x0000000088200000, 0x0000000088300000|  0%| F|  |TAMS 0x0000000088200000, 0x0000000088200000| Untracked 
|  49|0x0000000088300000, 0x0000000088300000, 0x0000000088400000|  0%| F|  |TAMS 0x0000000088300000, 0x0000000088300000| Untracked 
|  50|0x0000000088400000, 0x0000000088400000, 0x0000000088500000|  0%| F|  |TAMS 0x0000000088400000, 0x0000000088400000| Untracked 
|  51|0x0000000088500000, 0x0000000088500000, 0x0000000088600000|  0%| F|  |TAMS 0x0000000088500000, 0x0000000088500000| Untracked 
|  52|0x0000000088600000, 0x0000000088600000, 0x0000000088700000|  0%| F|  |TAMS 0x0000000088600000, 0x0000000088600000| Untracked 
|  53|0x0000000088700000, 0x0000000088700000, 0x0000000088800000|  0%| F|  |TAMS 0x0000000088700000, 0x0000000088700000| Untracked 
|  54|0x0000000088800000, 0x0000000088800000, 0x0000000088900000|  0%| F|  |TAMS 0x0000000088800000, 0x0000000088800000| Untracked 
|  55|0x0000000088900000, 0x0000000088900000, 0x0000000088a00000|  0%| F|  |TAMS 0x0000000088900000, 0x0000000088900000| Untracked 
|  56|0x0000000088a00000, 0x0000000088a00000, 0x0000000088b00000|  0%| F|  |TAMS 0x0000000088a00000, 0x0000000088a00000| Untracked 
|  57|0x0000000088b00000, 0x0000000088b00000, 0x0000000088c00000|  0%| F|  |TAMS 0x0000000088b00000, 0x0000000088b00000| Untracked 
|  58|0x0000000088c00000, 0x0000000088c00000, 0x0000000088d00000|  0%| F|  |TAMS 0x0000000088c00000, 0x0000000088c00000| Untracked 
|  59|0x0000000088d00000, 0x0000000088d00000, 0x0000000088e00000|  0%| F|  |TAMS 0x0000000088d00000, 0x0000000088d00000| Untracked 
|  60|0x0000000088e00000, 0x0000000088e00000, 0x0000000088f00000|  0%| F|  |TAMS 0x0000000088e00000, 0x0000000088e00000| Untracked 
|  61|0x0000000088f00000, 0x0000000088f00000, 0x0000000089000000|  0%| F|  |TAMS 0x0000000088f00000, 0x0000000088f00000| Untracked 
|  62|0x0000000089000000, 0x0000000089000000, 0x0000000089100000|  0%| F|  |TAMS 0x0000000089000000, 0x0000000089000000| Untracked 
|  63|0x0000000089100000, 0x0000000089100000, 0x0000000089200000|  0%| F|  |TAMS 0x0000000089100000, 0x0000000089100000| Untracked 
|  64|0x0000000089200000, 0x0000000089200000, 0x0000000089300000|  0%| F|  |TAMS 0x0000000089200000, 0x0000000089200000| Untracked 
|  65|0x0000000089300000, 0x0000000089300000, 0x0000000089400000|  0%| F|  |TAMS 0x0000000089300000, 0x0000000089300000| Untracked 
|  66|0x0000000089400000, 0x0000000089400000, 0x0000000089500000|  0%| F|  |TAMS 0x0000000089400000, 0x0000000089400000| Untracked 
|  67|0x0000000089500000, 0x0000000089500000, 0x0000000089600000|  0%| F|  |TAMS 0x0000000089500000, 0x0000000089500000| Untracked 
|  68|0x0000000089600000, 0x0000000089600000, 0x0000000089700000|  0%| F|  |TAMS 0x0000000089600000, 0x0000000089600000| Untracked 
|  69|0x0000000089700000, 0x0000000089700000, 0x0000000089800000|  0%| F|  |TAMS 0x0000000089700000, 0x0000000089700000| Untracked 
|  70|0x0000000089800000, 0x0000000089800000, 0x0000000089900000|  0%| F|  |TAMS 0x0000000089800000, 0x0000000089800000| Untracked 
|  71|0x0000000089900000, 0x0000000089900000, 0x0000000089a00000|  0%| F|  |TAMS 0x0000000089900000, 0x0000000089900000| Untracked 
|  72|0x0000000089a00000, 0x0000000089a00000, 0x0000000089b00000|  0%| F|  |TAMS 0x0000000089a00000, 0x0000000089a00000| Untracked 
|  73|0x0000000089b00000, 0x0000000089b00000, 0x0000000089c00000|  0%| F|  |TAMS 0x0000000089b00000, 0x0000000089b00000| Untracked 
|  74|0x0000000089c00000, 0x0000000089c00000, 0x0000000089d00000|  0%| F|  |TAMS 0x0000000089c00000, 0x0000000089c00000| Untracked 
|  75|0x0000000089d00000, 0x0000000089d00000, 0x0000000089e00000|  0%| F|  |TAMS 0x0000000089d00000, 0x0000000089d00000| Untracked 
|  76|0x0000000089e00000, 0x0000000089e00000, 0x0000000089f00000|  0%| F|  |TAMS 0x0000000089e00000, 0x0000000089e00000| Untracked 
|  77|0x0000000089f00000, 0x0000000089f00000, 0x000000008a000000|  0%| F|  |TAMS 0x0000000089f00000, 0x0000000089f00000| Untracked 
|  78|0x000000008a000000, 0x000000008a000000, 0x000000008a100000|  0%| F|  |TAMS 0x000000008a000000, 0x000000008a000000| Untracked 
|  79|0x000000008a100000, 0x000000008a100000, 0x000000008a200000|  0%| F|  |TAMS 0x000000008a100000, 0x000000008a100000| Untracked 
|  80|0x000000008a200000, 0x000000008a200000, 0x000000008a300000|  0%| F|  |TAMS 0x000000008a200000, 0x000000008a200000| Untracked 
|  81|0x000000008a300000, 0x000000008a300000, 0x000000008a400000|  0%| F|  |TAMS 0x000000008a300000, 0x000000008a300000| Untracked 
|  82|0x000000008a400000, 0x000000008a400000, 0x000000008a500000|  0%| F|  |TAMS 0x000000008a400000, 0x000000008a400000| Untracked 
|  83|0x000000008a500000, 0x000000008a500000, 0x000000008a600000|  0%| F|  |TAMS 0x000000008a500000, 0x000000008a500000| Untracked 
|  84|0x000000008a600000, 0x000000008a600000, 0x000000008a700000|  0%| F|  |TAMS 0x000000008a600000, 0x000000008a600000| Untracked 
|  85|0x000000008a700000, 0x000000008a700000, 0x000000008a800000|  0%| F|  |TAMS 0x000000008a700000, 0x000000008a700000| Untracked 
|  86|0x000000008a800000, 0x000000008a800000, 0x000000008a900000|  0%| F|  |TAMS 0x000000008a800000, 0x000000008a800000| Untracked 
|  87|0x000000008a900000, 0x000000008a900000, 0x000000008aa00000|  0%| F|  |TAMS 0x000000008a900000, 0x000000008a900000| Untracked 
|  88|0x000000008aa00000, 0x000000008aa00000, 0x000000008ab00000|  0%| F|  |TAMS 0x000000008aa00000, 0x000000008aa00000| Untracked 
|  89|0x000000008ab00000, 0x000000008ab00000, 0x000000008ac00000|  0%| F|  |TAMS 0x000000008ab00000, 0x000000008ab00000| Untracked 
|  90|0x000000008ac00000, 0x000000008ac00000, 0x000000008ad00000|  0%| F|  |TAMS 0x000000008ac00000, 0x000000008ac00000| Untracked 
|  91|0x000000008ad00000, 0x000000008ad00000, 0x000000008ae00000|  0%| F|  |TAMS 0x000000008ad00000, 0x000000008ad00000| Untracked 
|  92|0x000000008ae00000, 0x000000008ae00000, 0x000000008af00000|  0%| F|  |TAMS 0x000000008ae00000, 0x000000008ae00000| Untracked 
|  93|0x000000008af00000, 0x000000008af00000, 0x000000008b000000|  0%| F|  |TAMS 0x000000008af00000, 0x000000008af00000| Untracked 
|  94|0x000000008b000000, 0x000000008b000000, 0x000000008b100000|  0%| F|  |TAMS 0x000000008b000000, 0x000000008b000000| Untracked 
|  95|0x000000008b100000, 0x000000008b100000, 0x000000008b200000|  0%| F|  |TAMS 0x000000008b100000, 0x000000008b100000| Untracked 
|  96|0x000000008b200000, 0x000000008b200000, 0x000000008b300000|  0%| F|  |TAMS 0x000000008b200000, 0x000000008b200000| Untracked 
|  97|0x000000008b300000, 0x000000008b300000, 0x000000008b400000|  0%| F|  |TAMS 0x000000008b300000, 0x000000008b300000| Untracked 
|  98|0x000000008b400000, 0x000000008b400000, 0x000000008b500000|  0%| F|  |TAMS 0x000000008b400000, 0x000000008b400000| Untracked 
|  99|0x000000008b500000, 0x000000008b500000, 0x000000008b600000|  0%| F|  |TAMS 0x000000008b500000, 0x000000008b500000| Untracked 
| 100|0x000000008b600000, 0x000000008b600000, 0x000000008b700000|  0%| F|  |TAMS 0x000000008b600000, 0x000000008b600000| Untracked 
| 101|0x000000008b700000, 0x000000008b700000, 0x000000008b800000|  0%| F|  |TAMS 0x000000008b700000, 0x000000008b700000| Untracked 
| 102|0x000000008b800000, 0x000000008b800000, 0x000000008b900000|  0%| F|  |TAMS 0x000000008b800000, 0x000000008b800000| Untracked 
| 103|0x000000008b900000, 0x000000008b900000, 0x000000008ba00000|  0%| F|  |TAMS 0x000000008b900000, 0x000000008b900000| Untracked 
| 104|0x000000008ba00000, 0x000000008ba00000, 0x000000008bb00000|  0%| F|  |TAMS 0x000000008ba00000, 0x000000008ba00000| Untracked 
| 105|0x000000008bb00000, 0x000000008bb00000, 0x000000008bc00000|  0%| F|  |TAMS 0x000000008bb00000, 0x000000008bb00000| Untracked 
| 106|0x000000008bc00000, 0x000000008bc00000, 0x000000008bd00000|  0%| F|  |TAMS 0x000000008bc00000, 0x000000008bc00000| Untracked 
| 107|0x000000008bd00000, 0x000000008bd00000, 0x000000008be00000|  0%| F|  |TAMS 0x000000008bd00000, 0x000000008bd00000| Untracked 
| 108|0x000000008be00000, 0x000000008be00000, 0x000000008bf00000|  0%| F|  |TAMS 0x000000008be00000, 0x000000008be00000| Untracked 
| 109|0x000000008bf00000, 0x000000008bf00000, 0x000000008c000000|  0%| F|  |TAMS 0x000000008bf00000, 0x000000008bf00000| Untracked 
| 110|0x000000008c000000, 0x000000008c000000, 0x000000008c100000|  0%| F|  |TAMS 0x000000008c000000, 0x000000008c000000| Untracked 
| 111|0x000000008c100000, 0x000000008c100000, 0x000000008c200000|  0%| F|  |TAMS 0x000000008c100000, 0x000000008c100000| Untracked 
| 112|0x000000008c200000, 0x000000008c200000, 0x000000008c300000|  0%| F|  |TAMS 0x000000008c200000, 0x000000008c200000| Untracked 
| 113|0x000000008c300000, 0x000000008c300000, 0x000000008c400000|  0%| F|  |TAMS 0x000000008c300000, 0x000000008c300000| Untracked 
| 114|0x000000008c400000, 0x000000008c400000, 0x000000008c500000|  0%| F|  |TAMS 0x000000008c400000, 0x000000008c400000| Untracked 
| 115|0x000000008c500000, 0x000000008c500000, 0x000000008c600000|  0%| F|  |TAMS 0x000000008c500000, 0x000000008c500000| Untracked 
| 116|0x000000008c600000, 0x000000008c600000, 0x000000008c700000|  0%| F|  |TAMS 0x000000008c600000, 0x000000008c600000| Untracked 
| 117|0x000000008c700000, 0x000000008c700000, 0x000000008c800000|  0%| F|  |TAMS 0x000000008c700000, 0x000000008c700000| Untracked 
| 118|0x000000008c800000, 0x000000008c800000, 0x000000008c900000|  0%| F|  |TAMS 0x000000008c800000, 0x000000008c800000| Untracked 
| 119|0x000000008c900000, 0x000000008c900000, 0x000000008ca00000|  0%| F|  |TAMS 0x000000008c900000, 0x000000008c900000| Untracked 
| 120|0x000000008ca00000, 0x000000008ca00000, 0x000000008cb00000|  0%| F|  |TAMS 0x000000008ca00000, 0x000000008ca00000| Untracked 
| 121|0x000000008cb00000, 0x000000008cb00000, 0x000000008cc00000|  0%| F|  |TAMS 0x000000008cb00000, 0x000000008cb00000| Untracked 
| 122|0x000000008cc00000, 0x000000008cc00000, 0x000000008cd00000|  0%| F|  |TAMS 0x000000008cc00000, 0x000000008cc00000| Untracked 
| 123|0x000000008cd00000, 0x000000008cd00000, 0x000000008ce00000|  0%| F|  |TAMS 0x000000008cd00000, 0x000000008cd00000| Untracked 
|1957|0x00000000ff700000, 0x00000000ff800000, 0x00000000ff800000|100%| O|  |TAMS 0x00000000ff700000, 0x00000000ff800000| Untracked 
|1958|0x00000000ff800000, 0x00000000ff900000, 0x00000000ff900000|100%| O|  |TAMS 0x00000000ff800000, 0x00000000ff900000| Untracked 
|1959|0x00000000ff900000, 0x00000000ffa00000, 0x00000000ffa00000|100%| O|  |TAMS 0x00000000ff900000, 0x00000000ffa00000| Untracked 
|1960|0x00000000ffa00000, 0x00000000ffb00000, 0x00000000ffb00000|100%| O|  |TAMS 0x00000000ffa00000, 0x00000000ffb00000| Untracked 
|1961|0x00000000ffb00000, 0x00000000ffc00000, 0x00000000ffc00000|100%| O|  |TAMS 0x00000000ffb00000, 0x00000000ffc00000| Untracked 
|1962|0x00000000ffc00000, 0x00000000ffd00000, 0x00000000ffd00000|100%| O|  |TAMS 0x00000000ffc00000, 0x00000000ffd00000| Untracked 
|1963|0x00000000ffd00000, 0x00000000ffe00000, 0x00000000ffe00000|100%| O|  |TAMS 0x00000000ffd00000, 0x00000000ffe00000| Untracked 
|1964|0x00000000ffe00000, 0x00000000fff00000, 0x00000000fff00000|100%| O|  |TAMS 0x00000000ffe00000, 0x00000000fff00000| Untracked 
|1965|0x00000000fff00000, 0x0000000100000000, 0x0000000100000000|100%| O|  |TAMS 0x00000000fff00000, 0x0000000100000000| Untracked 

Card table byte_map: [0x000001a75be80000,0x000001a75c260000] _byte_map_base: 0x000001a75ba57000

Marking Bits (Prev, Next): (CMBitMap*) 0x000001a744cf15e0, (CMBitMap*) 0x000001a744cf15a0
 Prev Bits: [0x000001a75e500000, 0x000001a7603b8000)
 Next Bits: [0x000001a75c640000, 0x000001a75e4f8000)

Polling page: 0x000001a742c00000

Metaspace:

Usage:
  Non-class:     22.27 MB used.
      Class:      2.92 MB used.
       Both:     25.18 MB used.

Virtual space:
  Non-class space:       64.00 MB reserved,      22.38 MB ( 35%) committed,  1 nodes.
      Class space:        1.00 GB reserved,       3.06 MB ( <1%) committed,  1 nodes.
             Both:        1.06 GB reserved,      25.44 MB (  2%) committed. 

Chunk freelists:
   Non-Class:  9.62 MB
       Class:  12.91 MB
        Both:  22.53 MB

MaxMetaspaceSize: unlimited
CompressedClassSpaceSize: 1.00 GB
Initial GC threshold: 21.00 MB
Current GC threshold: 35.25 MB
CDS: on
MetaspaceReclaimPolicy: balanced
 - commit_granule_bytes: 65536.
 - commit_granule_words: 8192.
 - virtual_space_node_default_size: 8388608.
 - enlarge_chunks_in_place: 1.
 - new_chunks_are_fully_committed: 0.
 - uncommit_free_chunks: 1.
 - use_allocation_guard: 0.
 - handle_deallocations: 1.


Internal statistics:

num_allocs_failed_limit: 3.
num_arena_births: 168.
num_arena_deaths: 0.
num_vsnodes_births: 2.
num_vsnodes_deaths: 0.
num_space_committed: 407.
num_space_uncommitted: 0.
num_chunks_returned_to_freelist: 3.
num_chunks_taken_from_freelist: 1107.
num_chunk_merges: 3.
num_chunk_splits: 758.
num_chunks_enlarged: 596.
num_inconsistent_stats: 0.

CodeHeap 'non-profiled nmethods': size=120000Kb used=2968Kb max_used=3272Kb free=117031Kb
 bounds [0x000001a754020000, 0x000001a754360000, 0x000001a75b550000]
CodeHeap 'profiled nmethods': size=120000Kb used=9940Kb max_used=11750Kb free=110059Kb
 bounds [0x000001a74c550000, 0x000001a74d0d0000, 0x000001a753a80000]
CodeHeap 'non-nmethods': size=5760Kb used=1203Kb max_used=1265Kb free=4557Kb
 bounds [0x000001a753a80000, 0x000001a753cf0000, 0x000001a754020000]
 total_blobs=5441 nmethods=4941 adapters=412
 compilation: enabled
              stopped_count=0, restarted_count=0
 full_count=0

Compilation events (20 events):
Event: 6.715 Thread 0x000001a763018550 nmethod 5729 0x000001a74c92ba10 code [0x000001a74c92bbc0, 0x000001a74c92bd08]
Event: 6.715 Thread 0x000001a763018550 5730   !   3       com.sun.tools.javac.code.Symbol$ClassSymbol::complete (52 bytes)
Event: 6.715 Thread 0x000001a763018550 nmethod 5730 0x000001a74c91d190 code [0x000001a74c91d3c0, 0x000001a74c91dd78]
Event: 6.715 Thread 0x000001a763018550 5732       3       com.sun.tools.javac.code.Symtab::lookupPackage (8 bytes)
Event: 6.715 Thread 0x000001a763018550 nmethod 5732 0x000001a74c974310 code [0x000001a74c9744a0, 0x000001a74c9745e8]
Event: 6.715 Thread 0x000001a763018550 5733       3       com.sun.tools.javac.code.Symtab::lookupPackage (259 bytes)
Event: 6.717 Thread 0x000001a763b82bb0 5742       4       jdk.internal.jrtfs.JrtPath::normalize (97 bytes)
Event: 6.718 Thread 0x000001a763018550 nmethod 5733 0x000001a74c5cc310 code [0x000001a74c5cc860, 0x000001a74c5cfc68]
Event: 6.718 Thread 0x000001a763018550 5745       3       jdk.internal.jimage.BasicImageReader::getString (35 bytes)
Event: 6.718 Thread 0x000001a763018550 nmethod 5745 0x000001a74c8c6b10 code [0x000001a74c8c6ce0, 0x000001a74c8c6f78]
Event: 6.718 Thread 0x000001a763018550 5743       3       jdk.internal.jimage.ImageLocation::getAttributeString (54 bytes)
Event: 6.719 Thread 0x000001a763018550 nmethod 5743 0x000001a74cce0b90 code [0x000001a74cce0de0, 0x000001a74cce1628]
Event: 6.719 Thread 0x000001a763018550 5738       3       jdk.internal.jrtfs.JrtFileSystem::getFileAttributes (42 bytes)
Event: 6.719 Thread 0x000001a763018550 nmethod 5738 0x000001a74c568410 code [0x000001a74c568620, 0x000001a74c568cb8]
Event: 6.719 Thread 0x000001a763018550 5737       3       java.util.stream.SpinedBuffer::clear (88 bytes)
Event: 6.719 Thread 0x000001a763018550 nmethod 5737 0x000001a74c651790 code [0x000001a74c651980, 0x000001a74c652098]
Event: 6.719 Thread 0x000001a763018550 5735       3       java.util.ArrayList$ArrayListSpliterator::tryAdvance (79 bytes)
Event: 6.719 Thread 0x000001a763018550 nmethod 5735 0x000001a74c671b10 code [0x000001a74c671d00, 0x000001a74c672268]
Event: 6.719 Thread 0x000001a763018550 5741       3       jdk.internal.jrtfs.JrtPath::getResolved (50 bytes)
Event: 6.720 Thread 0x000001a763b82bb0 nmethod 5742 0x000001a75404dc10 code [0x000001a75404dda0, 0x000001a75404df98]

GC Heap History (15 events):
Event: 0.898 GC heap before
{Heap before GC invocations=0 (full 0):
 garbage-first heap   total 126976K, used 22528K [0x0000000085200000, 0x0000000100000000)
  region size 1024K, 23 young (23552K), 0 survivors (0K)
 Metaspace       used 5454K, committed 5632K, reserved 1114112K
  class space    used 661K, committed 768K, reserved 1048576K
}
Event: 0.903 GC heap after
{Heap after GC invocations=1 (full 0):
 garbage-first heap   total 126976K, used 3656K [0x0000000085200000, 0x0000000100000000)
  region size 1024K, 3 young (3072K), 3 survivors (3072K)
 Metaspace       used 5454K, committed 5632K, reserved 1114112K
  class space    used 661K, committed 768K, reserved 1048576K
}
Event: 1.480 GC heap before
{Heap before GC invocations=1 (full 0):
 garbage-first heap   total 126976K, used 35400K [0x0000000085200000, 0x0000000100000000)
  region size 1024K, 34 young (34816K), 3 survivors (3072K)
 Metaspace       used 9926K, committed 10048K, reserved 1114112K
  class space    used 1215K, committed 1280K, reserved 1048576K
}
Event: 1.489 GC heap after
{Heap after GC invocations=2 (full 0):
 garbage-first heap   total 126976K, used 5612K [0x0000000085200000, 0x0000000100000000)
  region size 1024K, 2 young (2048K), 2 survivors (2048K)
 Metaspace       used 9926K, committed 10048K, reserved 1114112K
  class space    used 1215K, committed 1280K, reserved 1048576K
}
Event: 3.130 GC heap before
{Heap before GC invocations=2 (full 0):
 garbage-first heap   total 126976K, used 79340K [0x0000000085200000, 0x0000000100000000)
  region size 1024K, 74 young (75776K), 2 survivors (2048K)
 Metaspace       used 15549K, committed 15680K, reserved 1114112K
  class space    used 1851K, committed 1920K, reserved 1048576K
}
Event: 3.145 GC heap after
{Heap after GC invocations=3 (full 0):
 garbage-first heap   total 126976K, used 13557K [0x0000000085200000, 0x0000000100000000)
  region size 1024K, 10 young (10240K), 10 survivors (10240K)
 Metaspace       used 15549K, committed 15680K, reserved 1114112K
  class space    used 1851K, committed 1920K, reserved 1048576K
}
Event: 4.432 GC heap before
{Heap before GC invocations=3 (full 0):
 garbage-first heap   total 126976K, used 79093K [0x0000000085200000, 0x0000000100000000)
  region size 1024K, 74 young (75776K), 10 survivors (10240K)
 Metaspace       used 16142K, committed 16320K, reserved 1114112K
  class space    used 1864K, committed 1920K, reserved 1048576K
}
Event: 4.450 GC heap after
{Heap after GC invocations=4 (full 0):
 garbage-first heap   total 126976K, used 17342K [0x0000000085200000, 0x0000000100000000)
  region size 1024K, 4 young (4096K), 4 survivors (4096K)
 Metaspace       used 16142K, committed 16320K, reserved 1114112K
  class space    used 1864K, committed 1920K, reserved 1048576K
}
Event: 5.750 GC heap before
{Heap before GC invocations=4 (full 0):
 garbage-first heap   total 126976K, used 58302K [0x0000000085200000, 0x0000000100000000)
  region size 1024K, 44 young (45056K), 4 survivors (4096K)
 Metaspace       used 21287K, committed 21504K, reserved 1114112K
  class space    used 2501K, committed 2624K, reserved 1048576K
}
Event: 5.760 GC heap after
{Heap after GC invocations=5 (full 0):
 garbage-first heap   total 126976K, used 19390K [0x0000000085200000, 0x0000000100000000)
  region size 1024K, 6 young (6144K), 6 survivors (6144K)
 Metaspace       used 21287K, committed 21504K, reserved 1114112K
  class space    used 2501K, committed 2624K, reserved 1048576K
}
Event: 6.400 GC heap before
{Heap before GC invocations=6 (full 0):
 garbage-first heap   total 68608K, used 56254K [0x0000000085200000, 0x0000000100000000)
  region size 1024K, 38 young (38912K), 6 survivors (6144K)
 Metaspace       used 25333K, committed 25600K, reserved 1114112K
  class space    used 2935K, committed 3072K, reserved 1048576K
}
Event: 6.416 GC heap after
{Heap after GC invocations=7 (full 0):
 garbage-first heap   total 77824K, used 37159K [0x0000000085200000, 0x0000000100000000)
  region size 1024K, 5 young (5120K), 5 survivors (5120K)
 Metaspace       used 25333K, committed 25600K, reserved 1114112K
  class space    used 2935K, committed 3072K, reserved 1048576K
}
Event: 6.418 GC heap before
{Heap before GC invocations=7 (full 0):
 garbage-first heap   total 77824K, used 38183K [0x0000000085200000, 0x0000000100000000)
  region size 1024K, 6 young (6144K), 5 survivors (5120K)
 Metaspace       used 25334K, committed 25600K, reserved 1114112K
  class space    used 2935K, committed 3072K, reserved 1048576K
}
Event: 6.423 GC heap after
{Heap after GC invocations=8 (full 0):
 garbage-first heap   total 77824K, used 38334K [0x0000000085200000, 0x0000000100000000)
  region size 1024K, 1 young (1024K), 1 survivors (1024K)
 Metaspace       used 25334K, committed 25600K, reserved 1114112K
  class space    used 2935K, committed 3072K, reserved 1048576K
}
Event: 6.720 GC heap before
{Heap before GC invocations=8 (full 0):
 garbage-first heap   total 77824K, used 57790K [0x0000000085200000, 0x0000000100000000)
  region size 1024K, 20 young (20480K), 1 survivors (1024K)
 Metaspace       used 25786K, committed 26048K, reserved 1114112K
  class space    used 2987K, committed 3136K, reserved 1048576K
}

Deoptimization events (20 events):
Event: 6.604 Thread 0x000001a744c964d0 Uncommon trap: trap_request=0xffffffde fr.pc=0x000001a7542d1564 relative=0x0000000000000064
Event: 6.604 Thread 0x000001a744c964d0 Uncommon trap: reason=class_check action=maybe_recompile pc=0x000001a7542d1564 method=java.nio.file.Files$AcceptAllFilter.accept(Ljava/lang/Object;)Z @ 2 c2
Event: 6.604 Thread 0x000001a744c964d0 DEOPT PACKING pc=0x000001a7542d1564 sp=0x000000368d2fcca0
Event: 6.604 Thread 0x000001a744c964d0 DEOPT UNPACKING pc=0x000001a753ad23a3 sp=0x000000368d2fcc38 mode 2
Event: 6.683 Thread 0x000001a744c964d0 Uncommon trap: trap_request=0xffffff45 fr.pc=0x000001a754035924 relative=0x0000000000000124
Event: 6.683 Thread 0x000001a744c964d0 Uncommon trap: reason=unstable_if action=reinterpret pc=0x000001a754035924 method=jdk.nio.zipfs.ZipPath.getResolved()[B @ 19 c2
Event: 6.683 Thread 0x000001a744c964d0 DEOPT PACKING pc=0x000001a754035924 sp=0x000000368d2fc9e0
Event: 6.683 Thread 0x000001a744c964d0 DEOPT UNPACKING pc=0x000001a753ad23a3 sp=0x000000368d2fc968 mode 2
Event: 6.714 Thread 0x000001a744c964d0 Uncommon trap: trap_request=0xffffff45 fr.pc=0x000001a754342960 relative=0x0000000000000060
Event: 6.714 Thread 0x000001a744c964d0 Uncommon trap: reason=unstable_if action=reinterpret pc=0x000001a754342960 method=com.sun.tools.javac.jvm.PoolReader.sizeof(I)I @ 1 c2
Event: 6.714 Thread 0x000001a744c964d0 DEOPT PACKING pc=0x000001a754342960 sp=0x000000368d2fcbb0
Event: 6.714 Thread 0x000001a744c964d0 DEOPT UNPACKING pc=0x000001a753ad23a3 sp=0x000000368d2fcb40 mode 2
Event: 6.715 Thread 0x000001a744c964d0 Uncommon trap: trap_request=0xffffff45 fr.pc=0x000001a7541bd918 relative=0x00000000000008b8
Event: 6.715 Thread 0x000001a744c964d0 Uncommon trap: reason=unstable_if action=reinterpret pc=0x000001a7541bd918 method=jdk.internal.jimage.ImageStringsReader.stringFromByteBuffer(Ljava/nio/ByteBuffer;I)Ljava/lang/String; @ 7 c2
Event: 6.715 Thread 0x000001a744c964d0 DEOPT PACKING pc=0x000001a7541bd918 sp=0x000000368d2fc5b0
Event: 6.715 Thread 0x000001a744c964d0 DEOPT UNPACKING pc=0x000001a753ad23a3 sp=0x000000368d2fc440 mode 2
Event: 6.715 Thread 0x000001a744c964d0 Uncommon trap: trap_request=0xffffff45 fr.pc=0x000001a754042c5c relative=0x000000000000081c
Event: 6.715 Thread 0x000001a744c964d0 Uncommon trap: reason=unstable_if action=reinterpret pc=0x000001a754042c5c method=jdk.internal.jimage.ImageStringsReader.stringFromByteBuffer(Ljava/nio/ByteBuffer;I)Ljava/lang/String; @ 7 c2
Event: 6.715 Thread 0x000001a744c964d0 DEOPT PACKING pc=0x000001a754042c5c sp=0x000000368d2fc430
Event: 6.715 Thread 0x000001a744c964d0 DEOPT UNPACKING pc=0x000001a753ad23a3 sp=0x000000368d2fc390 mode 2

Classes unloaded (0 events):
No events

Classes redefined (0 events):
No events

Internal exceptions (20 events):
Event: 6.711 Thread 0x000001a744c964d0 Exception <a 'sun/nio/fs/WindowsException'{0x000000008817b1b8}> (0x000000008817b1b8) 
thrown [s\open\src\hotspot\share\prims\jni.cpp, line 516]
Event: 6.711 Thread 0x000001a744c964d0 Exception <a 'sun/nio/fs/WindowsException'{0x000000008817b5e8}> (0x000000008817b5e8) 
thrown [s\open\src\hotspot\share\prims\jni.cpp, line 516]
Event: 6.711 Thread 0x000001a744c964d0 Exception <a 'sun/nio/fs/WindowsException'{0x000000008817cbd0}> (0x000000008817cbd0) 
thrown [s\open\src\hotspot\share\prims\jni.cpp, line 516]
Event: 6.711 Thread 0x000001a744c964d0 Exception <a 'sun/nio/fs/WindowsException'{0x000000008817d080}> (0x000000008817d080) 
thrown [s\open\src\hotspot\share\prims\jni.cpp, line 516]
Event: 6.711 Thread 0x000001a744c964d0 Exception <a 'sun/nio/fs/WindowsException'{0x000000008817f2d8}> (0x000000008817f2d8) 
thrown [s\open\src\hotspot\share\prims\jni.cpp, line 516]
Event: 6.711 Thread 0x000001a744c964d0 Exception <a 'sun/nio/fs/WindowsException'{0x000000008817f738}> (0x000000008817f738) 
thrown [s\open\src\hotspot\share\prims\jni.cpp, line 516]
Event: 6.711 Thread 0x000001a744c964d0 Exception <a 'sun/nio/fs/WindowsException'{0x0000000088183f58}> (0x0000000088183f58) 
thrown [s\open\src\hotspot\share\prims\jni.cpp, line 516]
Event: 6.711 Thread 0x000001a744c964d0 Exception <a 'sun/nio/fs/WindowsException'{0x0000000088184318}> (0x0000000088184318) 
thrown [s\open\src\hotspot\share\prims\jni.cpp, line 516]
Event: 6.712 Thread 0x000001a744c964d0 Exception <a 'sun/nio/fs/WindowsException'{0x000000008818f0c0}> (0x000000008818f0c0) 
thrown [s\open\src\hotspot\share\prims\jni.cpp, line 516]
Event: 6.712 Thread 0x000001a744c964d0 Exception <a 'sun/nio/fs/WindowsException'{0x000000008818f510}> (0x000000008818f510) 
thrown [s\open\src\hotspot\share\prims\jni.cpp, line 516]
Event: 6.712 Thread 0x000001a744c964d0 Exception <a 'sun/nio/fs/WindowsException'{0x0000000088190b20}> (0x0000000088190b20) 
thrown [s\open\src\hotspot\share\prims\jni.cpp, line 516]
Event: 6.712 Thread 0x000001a744c964d0 Exception <a 'sun/nio/fs/WindowsException'{0x0000000088191000}> (0x0000000088191000) 
thrown [s\open\src\hotspot\share\prims\jni.cpp, line 516]
Event: 6.712 Thread 0x000001a744c964d0 Exception <a 'sun/nio/fs/WindowsException'{0x0000000088193160}> (0x0000000088193160) 
thrown [s\open\src\hotspot\share\prims\jni.cpp, line 516]
Event: 6.712 Thread 0x000001a744c964d0 Exception <a 'sun/nio/fs/WindowsException'{0x0000000088193600}> (0x0000000088193600) 
thrown [s\open\src\hotspot\share\prims\jni.cpp, line 516]
Event: 6.712 Thread 0x000001a744c964d0 Exception <a 'sun/nio/fs/WindowsException'{0x0000000088196728}> (0x0000000088196728) 
thrown [s\open\src\hotspot\share\prims\jni.cpp, line 516]
Event: 6.712 Thread 0x000001a744c964d0 Exception <a 'sun/nio/fs/WindowsException'{0x0000000088196b28}> (0x0000000088196b28) 
thrown [s\open\src\hotspot\share\prims\jni.cpp, line 516]
Event: 6.712 Thread 0x000001a744c964d0 Exception <a 'sun/nio/fs/WindowsException'{0x000000008819c8a8}> (0x000000008819c8a8) 
thrown [s\open\src\hotspot\share\prims\jni.cpp, line 516]
Event: 6.712 Thread 0x000001a744c964d0 Exception <a 'sun/nio/fs/WindowsException'{0x000000008819cd40}> (0x000000008819cd40) 
thrown [s\open\src\hotspot\share\prims\jni.cpp, line 516]
Event: 6.712 Thread 0x000001a744c964d0 Exception <a 'sun/nio/fs/WindowsException'{0x000000008819e388}> (0x000000008819e388) 
thrown [s\open\src\hotspot\share\prims\jni.cpp, line 516]
Event: 6.712 Thread 0x000001a744c964d0 Exception <a 'sun/nio/fs/WindowsException'{0x000000008819e8a8}> (0x000000008819e8a8) 
thrown [s\open\src\hotspot\share\prims\jni.cpp, line 516]

VM Operations (20 events):
Event: 6.095 Executing VM operation: HandshakeAllThreads done
Event: 6.151 Executing VM operation: HandshakeAllThreads
Event: 6.151 Executing VM operation: HandshakeAllThreads done
Event: 6.201 Executing VM operation: HandshakeAllThreads
Event: 6.201 Executing VM operation: HandshakeAllThreads done
Event: 6.213 Executing VM operation: HandshakeAllThreads
Event: 6.213 Executing VM operation: HandshakeAllThreads done
Event: 6.231 Executing VM operation: HandshakeAllThreads
Event: 6.231 Executing VM operation: HandshakeAllThreads done
Event: 6.400 Executing VM operation: G1CollectForAllocation
Event: 6.416 Executing VM operation: G1CollectForAllocation done
Event: 6.418 Executing VM operation: G1CollectForAllocation
Event: 6.423 Executing VM operation: G1CollectForAllocation done
Event: 6.603 Executing VM operation: HandshakeAllThreads
Event: 6.603 Executing VM operation: HandshakeAllThreads done
Event: 6.603 Executing VM operation: HandshakeAllThreads
Event: 6.603 Executing VM operation: HandshakeAllThreads done
Event: 6.716 Executing VM operation: HandshakeAllThreads
Event: 6.716 Executing VM operation: HandshakeAllThreads done
Event: 6.720 Executing VM operation: G1CollectForAllocation

Events (20 events):
Event: 6.602 loading class java/util/ImmutableCollections$Access$1
Event: 6.602 loading class jdk/internal/access/JavaUtilCollectionAccess
Event: 6.602 loading class jdk/internal/access/JavaUtilCollectionAccess done
Event: 6.602 loading class java/util/ImmutableCollections$Access$1 done
Event: 6.602 loading class java/util/stream/Nodes$SpinedNodeBuilder
Event: 6.602 loading class java/util/stream/Nodes$SpinedNodeBuilder done
Event: 6.603 loading class sun/nio/fs/WindowsPath$WindowsPathWithAttributes
Event: 6.603 loading class sun/nio/fs/BasicFileAttributesHolder
Event: 6.603 loading class sun/nio/fs/BasicFileAttributesHolder done
Event: 6.603 loading class sun/nio/fs/WindowsPath$WindowsPathWithAttributes done
Event: 6.666 loading class java/nio/file/SimpleFileVisitor
Event: 6.667 loading class java/nio/file/SimpleFileVisitor done
Event: 6.667 loading class java/nio/file/FileTreeWalker$1
Event: 6.668 loading class java/nio/file/FileTreeWalker$1 done
Event: 6.668 loading class java/nio/file/Files$3
Event: 6.668 loading class java/nio/file/Files$3 done
Event: 6.668 loading class java/nio/file/FileVisitResult
Event: 6.668 loading class java/nio/file/FileVisitResult done
Event: 6.715 loading class jdk/internal/jimage/ImageReader$LinkNode
Event: 6.715 loading class jdk/internal/jimage/ImageReader$LinkNode done


Dynamic libraries:
0x00007ff734460000 - 0x00007ff734470000 	C:\Program Files\Java\jdk-17\bin\java.exe
0x00007ffea8880000 - 0x00007ffea8ae7000 	C:\WINDOWS\SYSTEM32\ntdll.dll
0x00007ffea7740000 - 0x00007ffea7809000 	C:\WINDOWS\System32\KERNEL32.DLL
0x00007ffea6220000 - 0x00007ffea6611000 	C:\WINDOWS\System32\KERNELBASE.dll
0x00007ffea5410000 - 0x00007ffea555b000 	C:\WINDOWS\System32\ucrtbase.dll
0x00007ffe83a80000 - 0x00007ffe83a99000 	C:\Program Files\Java\jdk-17\bin\jli.dll
0x00007ffe83a60000 - 0x00007ffe83a7b000 	C:\Program Files\Java\jdk-17\bin\VCRUNTIME140.dll
0x00007ffea78c0000 - 0x00007ffea797b000 	C:\WINDOWS\System32\ADVAPI32.dll
0x00007ffea7810000 - 0x00007ffea78b9000 	C:\WINDOWS\System32\msvcrt.dll
0x00007ffea8560000 - 0x00007ffea8607000 	C:\WINDOWS\System32\sechost.dll
0x00007ffea7af0000 - 0x00007ffea7c08000 	C:\WINDOWS\System32\RPCRT4.dll
0x00007ffea6e30000 - 0x00007ffea6ff5000 	C:\WINDOWS\System32\USER32.dll
0x00007ffea61f0000 - 0x00007ffea6217000 	C:\WINDOWS\System32\win32u.dll
0x00007ffea7710000 - 0x00007ffea773b000 	C:\WINDOWS\System32\GDI32.dll
0x00007ffea4560000 - 0x00007ffea47f3000 	C:\WINDOWS\WinSxS\amd64_microsoft.windows.common-controls_6595b64144ccf1df_6.0.26100.8037_none_3e092faae333b53b\COMCTL32.dll
0x00007ffea60c0000 - 0x00007ffea61eb000 	C:\WINDOWS\System32\gdi32full.dll
0x00007ffea5220000 - 0x00007ffea52c3000 	C:\WINDOWS\System32\msvcp_win.dll
0x00007ffe94b70000 - 0x00007ffe94b7b000 	C:\WINDOWS\SYSTEM32\VERSION.dll
0x00007ffea7130000 - 0x00007ffea7161000 	C:\WINDOWS\System32\IMM32.DLL
0x00007ffea1650000 - 0x00007ffea165c000 	C:\Program Files\Java\jdk-17\bin\vcruntime140_1.dll
0x00007ffe6f2d0000 - 0x00007ffe6f35e000 	C:\Program Files\Java\jdk-17\bin\msvcp140.dll
0x00007ffdb49c0000 - 0x00007ffdb55a0000 	C:\Program Files\Java\jdk-17\bin\server\jvm.dll
0x00007ffea6e20000 - 0x00007ffea6e28000 	C:\WINDOWS\System32\PSAPI.DLL
0x00007ffe99ea0000 - 0x00007ffe99ed5000 	C:\WINDOWS\SYSTEM32\WINMM.dll
0x00007ffe80100000 - 0x00007ffe8010a000 	C:\WINDOWS\SYSTEM32\WSOCK32.dll
0x00007ffea87c0000 - 0x00007ffea8834000 	C:\WINDOWS\System32\WS2_32.dll
0x00007ffea35c0000 - 0x00007ffea35db000 	C:\WINDOWS\SYSTEM32\kernel.appcore.dll
0x00007ffe9f790000 - 0x00007ffe9f79a000 	C:\Program Files\Java\jdk-17\bin\jimage.dll
0x00007ffea4930000 - 0x00007ffea4b72000 	C:\WINDOWS\SYSTEM32\DBGHELP.DLL
0x00007ffea6a90000 - 0x00007ffea6e12000 	C:\WINDOWS\System32\combase.dll
0x00007ffea7980000 - 0x00007ffea7a57000 	C:\WINDOWS\System32\OLEAUT32.dll
0x00007ffea4800000 - 0x00007ffea483b000 	C:\WINDOWS\SYSTEM32\dbgcore.DLL
0x00007ffea5360000 - 0x00007ffea5405000 	C:\WINDOWS\System32\bcryptPrimitives.dll
0x00007ffe83a30000 - 0x00007ffe83a55000 	C:\Program Files\Java\jdk-17\bin\java.dll
0x00007ffe6b000000 - 0x00007ffe6b0d7000 	C:\Program Files\Java\jdk-17\bin\jsvml.dll
0x00007ffea7df0000 - 0x00007ffea854f000 	C:\WINDOWS\System32\SHELL32.dll
0x00007ffea5560000 - 0x00007ffea56ca000 	C:\WINDOWS\System32\wintypes.dll
0x00007ffea56d0000 - 0x00007ffea5f34000 	C:\WINDOWS\System32\windows.storage.dll
0x00007ffea6620000 - 0x00007ffea6717000 	C:\WINDOWS\System32\SHCORE.dll
0x00007ffea7a80000 - 0x00007ffea7ae7000 	C:\WINDOWS\System32\shlwapi.dll
0x00007ffea5080000 - 0x00007ffea50a9000 	C:\WINDOWS\SYSTEM32\profapi.dll
0x00007ffe83280000 - 0x00007ffe83299000 	C:\Program Files\Java\jdk-17\bin\net.dll
0x00007ffe9bea0000 - 0x00007ffe9bfc7000 	C:\WINDOWS\SYSTEM32\WINHTTP.dll
0x00007ffea3b30000 - 0x00007ffea3b9b000 	C:\WINDOWS\system32\mswsock.dll
0x00007ffe77d60000 - 0x00007ffe77d76000 	C:\Program Files\Java\jdk-17\bin\nio.dll
0x00007ffe77720000 - 0x00007ffe77738000 	C:\Program Files\Java\jdk-17\bin\zip.dll
0x00007ffe75140000 - 0x00007ffe75164000 	D:\Games\apps\apache mavin\apache-maven-3.9.9\lib\jansi-native\Windows\x86_64\jansi.dll
0x00007ffe867a0000 - 0x00007ffe867b0000 	C:\Program Files\Java\jdk-17\bin\verify.dll
0x00007ffea48d0000 - 0x00007ffea4906000 	C:\WINDOWS\SYSTEM32\ntmarta.dll

dbghelp: loaded successfully - version: 4.0.5 - missing functions: none
symbol engine: initialized successfully - sym options: 0x614 - pdb path: .;C:\Program Files\Java\jdk-17\bin;C:\WINDOWS\SYSTEM32;C:\WINDOWS\WinSxS\amd64_microsoft.windows.common-controls_6595b64144ccf1df_6.0.26100.8037_none_3e092faae333b53b;C:\Program Files\Java\jdk-17\bin\server;D:\Games\apps\apache mavin\apache-maven-3.9.9\lib\jansi-native\Windows\x86_64

VM Arguments:
jvm_args: -Dclassworlds.conf=D:\Games\apps\apache mavin\apache-maven-3.9.9\bin\m2.conf -Dmaven.home=D:\Games\apps\apache mavin\apache-maven-3.9.9 -Dlibrary.jansi.path=D:\Games\apps\apache mavin\apache-maven-3.9.9\lib\jansi-native -Dmaven.multiModuleProjectDirectory=D:\yosker\Capgemini-Training\All-Capg-Workspace\JWT\pharmacy-microservices 
java_command: org.codehaus.plexus.classworlds.launcher.Launcher compile -pl auth-service --no-transfer-progress
java_class_path (initial): D:\Games\apps\apache mavin\apache-maven-3.9.9\boot\plexus-classworlds-2.8.0.jar
Launcher Type: SUN_STANDARD

[Global flags]
     intx CICompilerCount                          = 4                                         {product} {ergonomic}
     uint ConcGCThreads                            = 3                                         {product} {ergonomic}
     uint G1ConcRefinementThreads                  = 10                                        {product} {ergonomic}
   size_t G1HeapRegionSize                         = 1048576                                   {product} {ergonomic}
    uintx GCDrainStackTargetSize                   = 64                                        {product} {ergonomic}
   size_t InitialHeapSize                          = 130023424                                 {product} {ergonomic}
   size_t MarkStackSize                            = 4194304                                   {product} {ergonomic}
   size_t MaxHeapSize                              = 2061500416                                {product} {ergonomic}
   size_t MaxNewSize                               = 1236271104                                {product} {ergonomic}
   size_t MinHeapDeltaBytes                        = 1048576                                   {product} {ergonomic}
   size_t MinHeapSize                              = 8388608                                   {product} {ergonomic}
    uintx NonNMethodCodeHeapSize                   = 5839372                                {pd product} {ergonomic}
    uintx NonProfiledCodeHeapSize                  = 122909434                              {pd product} {ergonomic}
    uintx ProfiledCodeHeapSize                     = 122909434                              {pd product} {ergonomic}
    uintx ReservedCodeCacheSize                    = 251658240                              {pd product} {ergonomic}
     bool SegmentedCodeCache                       = true                                      {product} {ergonomic}
   size_t SoftMaxHeapSize                          = 2061500416                             {manageable} {ergonomic}
     bool UseCompressedClassPointers               = true                           {product lp64_product} {ergonomic}
     bool UseCompressedOops                        = true                           {product lp64_product} {ergonomic}
     bool UseG1GC                                  = true                                      {product} {ergonomic}
     bool UseLargePagesIndividualAllocation        = false                                  {pd product} {ergonomic}

Logging:
Log output configuration:
 #0: stdout all=warning uptime,level,tags
 #1: stderr all=off uptime,level,tags

Environment Variables:
JAVA_HOME=C:\Program Files\Java\jdk-17
PATH=C:\Program Files\Common Files\Oracle\Java\javapath;C:\Program Files (x86)\Common Files\Oracle\Java\java8path;C:\Program Files (x86)\Common Files\Oracle\Java\javapath;C:\Users\V\AppData\Local\Programs\Python\Python311;C:\Users\V\AppData\Local\Programs\Python\Python311\Scripts;D:\Games\apps\Git\cmd;D:\Games\apps\apache mavin\apache-maven-3.9.9\bin;C:\Program Files\NVIDIA Corporation\NVIDIA app\NvDLISR;C:\Program Files\Java\jdk-17\bin;C:\hadoopsetup\hadoop-3.2.4\bin;C:\Program Files\nodejs\;C:\hive\apache-hive-3.1.3-bin\apache-hive-3.1.3-bin\bin;C:\derby\db-derby-10.14.2.0-bin\db-derby-10.14.2.0-bin\bin;C:\pig-0.17.0\pig-0.17.0\bin;C:\hbase\bin;C:\Program Files\GitHub CLI\;C:\Windows\System32;C:\Program Files\PostgreSQL\17\bin;C:\spark\bin;C:\WINDOWS\system32;C:\WINDOWS;C:\WINDOWS\System32\Wbem;C:\WINDOWS\System32\WindowsPowerShell\v1.0\;C:\WINDOWS\System32\OpenSSH\;C:\kafka_2.12-3.9.1\bin;D:\Games\teraform;C:\Program Files\Puppet Labs\Puppet\bin;C:\Program Files\PuTTY\;C:\Program Files\Docker\Docker\resources\bin;C:\Users\V\AppData\Local\Programs\Python\Python313\Scripts\;C:\Users\V\AppData\Local\Programs\Python\Python313;C:\Users\V\AppData\Local\Microsoft\WindowsApps;C:\Program Files\JetBrains\PyCharm Community Edition 2022.2.2\bin;;C:\Program Files\JetBrains\IntelliJ IDEA Community Edition 2023.3.2\bin;;C:\Program Files (x86)\FreeArc\bin;C:\Users\V\AppData\Roaming\npm;C:\Users\V\AppData\Local\Programs\Microsoft VS Code\bin;C:\Users\V\AppData\Local\Programs\Python\Python313\Scripts;D:\Games\apps\PyCharm 2025.1.2\bin;;D:\Games\apps\Kiro\bin
USERNAME=V
LANG=en_US.UTF-8
OS=Windows_NT
PROCESSOR_IDENTIFIER=Intel64 Family 6 Model 154 Stepping 3, GenuineIntel



---------------  S Y S T E M  ---------------

OS:
 Windows 11 , 64 bit Build 26100 (10.0.26100.7920)
OS uptime: 0 days 1:19 hours
Hyper-V role detected

CPU: total 12 (initial active 12) (6 cores per cpu, 2 threads per core) family 6 model 154 stepping 3 microcode 0x434, cx8, cmov, fxsr, ht, mmx, 3dnowpref, sse, sse2, sse3, ssse3, sse4.1, sse4.2, popcnt, lzcnt, tsc, tscinvbit, avx, avx2, aes, erms, clmul, bmi1, bmi2, adx, sha, fma, vzeroupper, clflush, clflushopt, clwb, hv

Memory: 4k page, system-wide physical 7860M (749M free)
TotalPageFile size 20148M (AvailPageFile size 11M)
current process WorkingSet (physical memory assigned to process): 203M, peak: 214M
current process commit charge ("private bytes"): 302M, peak: 353M

vm_info: Java HotSpot(TM) 64-Bit Server VM (17.0.12+8-LTS-286) for windows-amd64 JRE (17.0.12+8-LTS-286), built on Jun  5 2024 06:46:59 by "mach5one" with MS VC++ 17.6 (VS2022)

END.
