#
# There is insufficient memory for the Java Runtime Environment to continue.
# Native memory allocation (mmap) failed to map 130023424 bytes for G1 virtual space
# Possible reasons:
#   The system is out of physical RAM or swap space
#   The process is running with CompressedOops enabled, and the Java Heap may be blocking the growth of the native heap
# Possible solutions:
#   Reduce memory load on the system
#   Increase physical memory or swap space
#   Check if swap backing store is full
#   Decrease Java heap size (-Xmx/-Xms)
#   Decrease number of Java threads
#   Decrease Java thread stack sizes (-Xss)
#   Set larger code cache with -XX:ReservedCodeCacheSize=
#   JVM is running with Unscaled Compressed Oops mode in which the Java heap is
#     placed in the first 4GB address space. The Java Heap base address is the
#     maximum limit for the native heap growth. Please use -XX:HeapBaseMinAddress
#     to set the Java Heap base and to place the Java Heap above 4GB virtual address.
# This output file may be truncated or incomplete.
#
#  Out of Memory Error (os_windows.cpp:3603), pid=1960, tid=10784
#
# JRE version:  (21.0.7+8) (build )
# Java VM: Java HotSpot(TM) 64-Bit Server VM (21.0.7+8-LTS-245, mixed mode, sharing, tiered, compressed oops, compressed class ptrs, g1 gc, windows-amd64)
# No core dump will be written. Minidumps are not enabled by default on client versions of Windows
#

---------------  S U M M A R Y ------------

Command Line: -Xmx256m order-service/target/order-service-1.0.0.jar

Host: 12th Gen Intel(R) Core(TM) i5-12450H, 12 cores, 7G,  Windows 11 , 64 bit Build 26100 (10.0.26100.7920)
Time: Fri Mar 27 14:45:40 2026 India Standard Time elapsed time: 2.036613 seconds (0d 0h 0m 2s)

---------------  T H R E A D  ---------------

Current thread (0x00000259ac8c2660):  JavaThread "Unknown thread" [_thread_in_vm, id=10784, stack(0x0000006a73b00000,0x0000006a73c00000) (1024K)]

Stack: [0x0000006a73b00000,0x0000006a73c00000]
Native frames: (J=compiled Java code, j=interpreted, Vv=VM code, C=native code)
V  [jvm.dll+0x6cae19]
V  [jvm.dll+0x855741]
V  [jvm.dll+0x857c6e]
V  [jvm.dll+0x858343]
V  [jvm.dll+0x27e0b6]
V  [jvm.dll+0x6c7595]
V  [jvm.dll+0x6bc0fa]
V  [jvm.dll+0x353eaa]
V  [jvm.dll+0x35bb26]
V  [jvm.dll+0x3ae52e]
V  [jvm.dll+0x3ae7d8]
V  [jvm.dll+0x3281bc]
V  [jvm.dll+0x328d1b]
V  [jvm.dll+0x81eaf9]
V  [jvm.dll+0x3bb211]
V  [jvm.dll+0x807d78]
V  [jvm.dll+0x4503ee]
V  [jvm.dll+0x451fe1]
C  [jli.dll+0x52a3]
C  [ucrtbase.dll+0x37b0]
C  [KERNEL32.DLL+0x2e8d7]
C  [ntdll.dll+0x8c48c]


---------------  P R O C E S S  ---------------

Threads class SMR info:
_java_thread_list=0x00007ffe7acfcc48, length=0, elements={
}

Java Threads: ( => current thread )
Total: 0

Other Threads:
  0x00000259aec29d50 WorkerThread "GC Thread#0"                     [id=6284, stack(0x0000006a73c00000,0x0000006a73d00000) (1024K)]
  0x00000259aec2dd40 ConcurrentGCThread "G1 Main Marker"            [id=27988, stack(0x0000006a73d00000,0x0000006a73e00000) (1024K)]
  0x00000259aec2f6c0 WorkerThread "G1 Conc#0"                       [id=3236, stack(0x0000006a73e00000,0x0000006a73f00000) (1024K)]

[error occurred during error reporting (printing all threads), id 0xc0000005, EXCEPTION_ACCESS_VIOLATION (0xc0000005) at pc=0x00007ffe7a46a947]
VM state: not at safepoint (not fully initialized)

VM Mutex/Monitor currently owned by a thread:  ([mutex/lock_event])
[0x00007ffe7ad6df50] Heap_lock - owner thread: 0x00000259ac8c2660

Heap address: 0x00000000f0000000, size: 256 MB, Compressed Oops mode: 32-bit

CDS archive(s) mapped at: [0x0000000000000000-0x0000000000000000-0x0000000000000000), size 0, SharedBaseAddress: 0x0000000800000000, ArchiveRelocationMode: 1.
Narrow klass base: 0x0000000000000000, Narrow klass shift: 0, Narrow klass range: 0x0

GC Precious Log:
 CardTable entry size: 512
 Card Set container configuration: InlinePtr #cards 5 size 8 Array Of Cards #cards 12 size 40 Howl #buckets 4 coarsen threshold 1843 Howl Bitmap #cards 512 size 80 coarsen threshold 460 Card regions per heap region 1 cards per card region 2048

Heap:
 garbage-first heap   total 0K, used 0K [0x00000000f0000000, 0x0000000100000000)
  region size 1024K, 0 young (0K), 0 survivors (0K)

[error occurred during error reporting (printing heap information), id 0xc0000005, EXCEPTION_ACCESS_VIOLATION (0xc0000005) at pc=0x00007ffe7a853e79]
GC Heap History (0 events):
No events

Dll operation events (1 events):
Event: 0.013 Loaded shared library C:\Program Files\Java\jdk-21\bin\java.dll

Deoptimization events (0 events):
No events

Classes loaded (0 events):
No events

Classes unloaded (0 events):
No events

Classes redefined (0 events):
No events

Internal exceptions (0 events):
No events

ZGC Phase Switch (0 events):
No events

VM Operations (0 events):
No events

Events (0 events):
No events


Dynamic libraries:
0x00007ff7d5430000 - 0x00007ff7d5440000 	C:\Program Files\Java\jdk-21\bin\java.exe
0x00007ffea8880000 - 0x00007ffea8ae7000 	C:\WINDOWS\SYSTEM32\ntdll.dll
0x00007ffea7740000 - 0x00007ffea7809000 	C:\WINDOWS\System32\KERNEL32.DLL
0x00007ffea6220000 - 0x00007ffea6611000 	C:\WINDOWS\System32\KERNELBASE.dll
0x00007ffea5410000 - 0x00007ffea555b000 	C:\WINDOWS\System32\ucrtbase.dll
0x00007ffe7afa0000 - 0x00007ffe7afb9000 	C:\Program Files\Java\jdk-21\bin\jli.dll
0x00007ffe7aeb0000 - 0x00007ffe7aecb000 	C:\Program Files\Java\jdk-21\bin\VCRUNTIME140.dll
0x00007ffea78c0000 - 0x00007ffea797b000 	C:\WINDOWS\System32\ADVAPI32.dll
0x00007ffea7810000 - 0x00007ffea78b9000 	C:\WINDOWS\System32\msvcrt.dll
0x00007ffea8560000 - 0x00007ffea8607000 	C:\WINDOWS\System32\sechost.dll
0x00007ffea7af0000 - 0x00007ffea7c08000 	C:\WINDOWS\System32\RPCRT4.dll
0x00007ffea6e30000 - 0x00007ffea6ff5000 	C:\WINDOWS\System32\USER32.dll
0x00007ffea61f0000 - 0x00007ffea6217000 	C:\WINDOWS\System32\win32u.dll
0x00007ffea7710000 - 0x00007ffea773b000 	C:\WINDOWS\System32\GDI32.dll
0x00007ffea4560000 - 0x00007ffea47f3000 	C:\WINDOWS\WinSxS\amd64_microsoft.windows.common-controls_6595b64144ccf1df_6.0.26100.8037_none_3e092faae333b53b\COMCTL32.dll
0x00007ffea60c0000 - 0x00007ffea61eb000 	C:\WINDOWS\System32\gdi32full.dll
0x00007ffea5220000 - 0x00007ffea52c3000 	C:\WINDOWS\System32\msvcp_win.dll
0x00007ffe94b70000 - 0x00007ffe94b7b000 	C:\WINDOWS\SYSTEM32\VERSION.dll
0x00007ffea7130000 - 0x00007ffea7161000 	C:\WINDOWS\System32\IMM32.DLL
0x00007ffe7af80000 - 0x00007ffe7af8c000 	C:\Program Files\Java\jdk-21\bin\vcruntime140_1.dll
0x00007ffe7aef0000 - 0x00007ffe7af7e000 	C:\Program Files\Java\jdk-21\bin\msvcp140.dll
0x00007ffe7a130000 - 0x00007ffe7ae4a000 	C:\Program Files\Java\jdk-21\bin\server\jvm.dll
0x00007ffea87c0000 - 0x00007ffea8834000 	C:\WINDOWS\System32\WS2_32.dll
0x00007ffea4fc0000 - 0x00007ffea501e000 	C:\WINDOWS\SYSTEM32\POWRPROF.dll
0x00007ffe99ea0000 - 0x00007ffe99ed5000 	C:\WINDOWS\SYSTEM32\WINMM.dll
0x00007ffea4fa0000 - 0x00007ffea4fb4000 	C:\WINDOWS\SYSTEM32\UMPDC.dll
0x00007ffea35c0000 - 0x00007ffea35db000 	C:\WINDOWS\SYSTEM32\kernel.appcore.dll
0x00007ffe79840000 - 0x00007ffe7984a000 	C:\Program Files\Java\jdk-21\bin\jimage.dll
0x00007ffea4930000 - 0x00007ffea4b72000 	C:\WINDOWS\SYSTEM32\DBGHELP.DLL
0x00007ffea6a90000 - 0x00007ffea6e12000 	C:\WINDOWS\System32\combase.dll
0x00007ffea7980000 - 0x00007ffea7a57000 	C:\WINDOWS\System32\OLEAUT32.dll
0x00007ffea4800000 - 0x00007ffea483b000 	C:\WINDOWS\SYSTEM32\dbgcore.DLL
0x00007ffea5360000 - 0x00007ffea5405000 	C:\WINDOWS\System32\bcryptPrimitives.dll
0x00007ffe77d00000 - 0x00007ffe77d1f000 	C:\Program Files\Java\jdk-21\bin\java.dll

dbghelp: loaded successfully - version: 4.0.5 - missing functions: none
symbol engine: initialized successfully - sym options: 0x614 - pdb path: .;C:\Program Files\Java\jdk-21\bin;C:\WINDOWS\SYSTEM32;C:\WINDOWS\WinSxS\amd64_microsoft.windows.common-controls_6595b64144ccf1df_6.0.26100.8037_none_3e092faae333b53b;C:\Program Files\Java\jdk-21\bin\server

VM Arguments:
jvm_args: -Xmx256m 
java_command: order-service/target/order-service-1.0.0.jar
java_class_path (initial): order-service/target/order-service-1.0.0.jar
Launcher Type: SUN_STANDARD

[Global flags]
     intx CICompilerCount                          = 4                                         {product} {ergonomic}
     uint ConcGCThreads                            = 3                                         {product} {ergonomic}
     uint G1ConcRefinementThreads                  = 10                                        {product} {ergonomic}
   size_t G1HeapRegionSize                         = 1048576                                   {product} {ergonomic}
    uintx GCDrainStackTargetSize                   = 64                                        {product} {ergonomic}
   size_t InitialHeapSize                          = 130023424                                 {product} {ergonomic}
   size_t MarkStackSize                            = 4194304                                   {product} {ergonomic}
   size_t MaxHeapSize                              = 268435456                                 {product} {command line}
   size_t MinHeapDeltaBytes                        = 1048576                                   {product} {ergonomic}
   size_t MinHeapSize                              = 8388608                                   {product} {ergonomic}
    uintx NonNMethodCodeHeapSize                   = 5839372                                {pd product} {ergonomic}
    uintx NonProfiledCodeHeapSize                  = 122909434                              {pd product} {ergonomic}
    uintx ProfiledCodeHeapSize                     = 122909434                              {pd product} {ergonomic}
    uintx ReservedCodeCacheSize                    = 251658240                              {pd product} {ergonomic}
     bool SegmentedCodeCache                       = true                                      {product} {ergonomic}
   size_t SoftMaxHeapSize                          = 268435456                              {manageable} {ergonomic}
     bool UseCompressedOops                        = true                           {product lp64_product} {ergonomic}
     bool UseG1GC                                  = true                                      {product} {ergonomic}
     bool UseLargePagesIndividualAllocation        = false                                  {pd product} {ergonomic}

Logging:
Log output configuration:
 #0: stdout all=warning uptime,level,tags foldmultilines=false
 #1: stderr all=off uptime,level,tags foldmultilines=false

Environment Variables:
JAVA_HOME=C:\Program Files\Java\jdk-17
PATH=C:\Program Files\Common Files\Oracle\Java\javapath;C:\Program Files (x86)\Common Files\Oracle\Java\java8path;C:\Program Files (x86)\Common Files\Oracle\Java\javapath;C:\Users\V\AppData\Local\Programs\Python\Python311;C:\Users\V\AppData\Local\Programs\Python\Python311\Scripts;D:\Games\apps\Git\cmd;D:\Games\apps\apache mavin\apache-maven-3.9.9\bin;C:\Program Files\NVIDIA Corporation\NVIDIA app\NvDLISR;C:\Program Files\Java\jdk-17\bin;C:\hadoopsetup\hadoop-3.2.4\bin;C:\Program Files\nodejs\;C:\hive\apache-hive-3.1.3-bin\apache-hive-3.1.3-bin\bin;C:\derby\db-derby-10.14.2.0-bin\db-derby-10.14.2.0-bin\bin;C:\pig-0.17.0\pig-0.17.0\bin;C:\hbase\bin;C:\Program Files\GitHub CLI\;C:\Windows\System32;C:\Program Files\PostgreSQL\17\bin;C:\spark\bin;C:\WINDOWS\system32;C:\WINDOWS;C:\WINDOWS\System32\Wbem;C:\WINDOWS\System32\WindowsPowerShell\v1.0\;C:\WINDOWS\System32\OpenSSH\;C:\kafka_2.12-3.9.1\bin;D:\Games\teraform;C:\Program Files\Puppet Labs\Puppet\bin;C:\Program Files\PuTTY\;C:\Program Files\Docker\Docker\resources\bin;C:\Users\V\AppData\Local\Programs\Python\Python313\Scripts\;C:\Users\V\AppData\Local\Programs\Python\Python313;C:\Users\V\AppData\Local\Microsoft\WindowsApps;C:\Program Files\JetBrains\PyCharm Community Edition 2022.2.2\bin;;C:\Program Files\JetBrains\IntelliJ IDEA Community Edition 2023.3.2\bin;;C:\Program Files (x86)\FreeArc\bin;C:\Users\V\AppData\Roaming\npm;C:\Users\V\AppData\Local\Programs\Microsoft VS Code\bin;C:\Users\V\AppData\Local\Programs\Python\Python313\Scripts;D:\Games\apps\PyCharm 2025.1.2\bin;;D:\Games\apps\Kiro\bin
USERNAME=V
LANG=en_US.UTF-8
OS=Windows_NT
PROCESSOR_IDENTIFIER=Intel64 Family 6 Model 154 Stepping 3, GenuineIntel
TMP=C:\Users\V\AppData\Local\Temp
TEMP=C:\Users\V\AppData\Local\Temp




Periodic native trim disabled

---------------  S Y S T E M  ---------------

OS:
 Windows 11 , 64 bit Build 26100 (10.0.26100.7920)
OS uptime: 0 days 1:35 hours
Hyper-V role detected

CPU: total 12 (initial active 12) (6 cores per cpu, 2 threads per core) family 6 model 154 stepping 3 microcode 0x434, cx8, cmov, fxsr, ht, mmx, 3dnowpref, sse, sse2, sse3, ssse3, sse4.1, sse4.2, popcnt, lzcnt, tsc, tscinvbit, avx, avx2, aes, erms, clmul, bmi1, bmi2, adx, sha, fma, vzeroupper, clflush, clflushopt, clwb, hv, serialize, rdtscp, rdpid, fsrm, f16c, cet_ibt, cet_ss
Processor Information for processor 0
  Max Mhz: 2000, Current Mhz: 2000, Mhz Limit: 2000
Processor Information for processor 1
  Max Mhz: 2000, Current Mhz: 2000, Mhz Limit: 2000
Processor Information for processor 2
  Max Mhz: 2000, Current Mhz: 2000, Mhz Limit: 2000
Processor Information for processor 3
  Max Mhz: 2000, Current Mhz: 2000, Mhz Limit: 2000
Processor Information for processor 4
  Max Mhz: 2000, Current Mhz: 2000, Mhz Limit: 2000
Processor Information for processor 5
  Max Mhz: 2000, Current Mhz: 2000, Mhz Limit: 2000
Processor Information for processor 6
  Max Mhz: 2000, Current Mhz: 2000, Mhz Limit: 2000
Processor Information for processor 7
  Max Mhz: 2000, Current Mhz: 2000, Mhz Limit: 2000
Processor Information for processor 8
  Max Mhz: 2000, Current Mhz: 1466, Mhz Limit: 2000
Processor Information for processor 9
  Max Mhz: 2000, Current Mhz: 1466, Mhz Limit: 2000
Processor Information for processor 10
  Max Mhz: 2000, Current Mhz: 1466, Mhz Limit: 2000
Processor Information for processor 11
  Max Mhz: 2000, Current Mhz: 2000, Mhz Limit: 2000

Memory: 4k page, system-wide physical 7860M (444M free)
TotalPageFile size 20148M (AvailPageFile size 10M)
current process WorkingSet (physical memory assigned to process): 12M, peak: 12M
current process commit charge ("private bytes"): 63M, peak: 187M

vm_info: Java HotSpot(TM) 64-Bit Server VM (21.0.7+8-LTS-245) for windows-amd64 JRE (21.0.7+8-LTS-245), built on 2025-02-21T05:11:27Z by "mach5one" with MS VC++ 17.6 (VS2022)

END.
